Component: ARM Compiler 5.06 update 7 (build 960) Tool: armlink [4d3601]

==============================================================================

Section Cross References

    startup_stm32f103xe.o(STACK) refers (Special) to heapauxi.o(.text) for __use_two_region_memory
    startup_stm32f103xe.o(HEAP) refers (Special) to heapauxi.o(.text) for __use_two_region_memory
    startup_stm32f103xe.o(RESET) refers (Special) to heapauxi.o(.text) for __use_two_region_memory
    startup_stm32f103xe.o(RESET) refers to startup_stm32f103xe.o(STACK) for __initial_sp
    startup_stm32f103xe.o(RESET) refers to startup_stm32f103xe.o(.text) for Reset_Handler
    startup_stm32f103xe.o(RESET) refers to stm32f1xx_it.o(i.NMI_Handler) for NMI_Handler
    startup_stm32f103xe.o(RESET) refers to stm32f1xx_it.o(i.HardFault_Handler) for HardFault_Handler
    startup_stm32f103xe.o(RESET) refers to stm32f1xx_it.o(i.MemManage_Handler) for MemManage_Handler
    startup_stm32f103xe.o(RESET) refers to stm32f1xx_it.o(i.BusFault_Handler) for BusFault_Handler
    startup_stm32f103xe.o(RESET) refers to stm32f1xx_it.o(i.UsageFault_Handler) for UsageFault_Handler
    startup_stm32f103xe.o(RESET) refers to stm32f1xx_it.o(i.SVC_Handler) for SVC_Handler
    startup_stm32f103xe.o(RESET) refers to stm32f1xx_it.o(i.DebugMon_Handler) for DebugMon_Handler
    startup_stm32f103xe.o(RESET) refers to stm32f1xx_it.o(i.PendSV_Handler) for PendSV_Handler
    startup_stm32f103xe.o(RESET) refers to stm32f1xx_it.o(i.SysTick_Handler) for SysTick_Handler
    startup_stm32f103xe.o(RESET) refers to stm32f1xx_it.o(i.DMA1_Channel5_IRQHandler) for DMA1_Channel5_IRQHandler
    startup_stm32f103xe.o(RESET) refers to stm32f1xx_it.o(i.USART1_IRQHandler) for USART1_IRQHandler
    startup_stm32f103xe.o(.text) refers (Special) to heapauxi.o(.text) for __use_two_region_memory
    startup_stm32f103xe.o(.text) refers to system_stm32f1xx.o(i.SystemInit) for SystemInit
    startup_stm32f103xe.o(.text) refers to __main.o(!!!main) for __main
    startup_stm32f103xe.o(.text) refers to startup_stm32f103xe.o(HEAP) for Heap_Mem
    startup_stm32f103xe.o(.text) refers to startup_stm32f103xe.o(STACK) for Stack_Mem
    iic.o(i.IIC_Init) refers to stm32f1xx_hal_gpio.o(i.HAL_GPIO_Init) for HAL_GPIO_Init
    iic.o(i.IIC_Init) refers to stm32f1xx_hal_gpio.o(i.HAL_GPIO_WritePin) for HAL_GPIO_WritePin
    iic.o(i.IIC_Read_Byte) refers to stm32f1xx_hal_gpio.o(i.HAL_GPIO_WritePin) for HAL_GPIO_WritePin
    iic.o(i.IIC_Read_Byte) refers to delay.o(i.Delay_Us) for Delay_Us
    iic.o(i.IIC_Read_Byte) refers to stm32f1xx_hal_gpio.o(i.HAL_GPIO_ReadPin) for HAL_GPIO_ReadPin
    iic.o(i.IIC_Send_Byte) refers to stm32f1xx_hal_gpio.o(i.HAL_GPIO_WritePin) for HAL_GPIO_WritePin
    iic.o(i.IIC_Send_Byte) refers to delay.o(i.Delay_Us) for Delay_Us
    iic.o(i.IIC_Start) refers to stm32f1xx_hal_gpio.o(i.HAL_GPIO_WritePin) for HAL_GPIO_WritePin
    iic.o(i.IIC_Start) refers to delay.o(i.Delay_Us) for Delay_Us
    iic.o(i.IIC_Stop) refers to stm32f1xx_hal_gpio.o(i.HAL_GPIO_WritePin) for HAL_GPIO_WritePin
    iic.o(i.IIC_Stop) refers to delay.o(i.Delay_Us) for Delay_Us
    iic.o(i.IIC_Wait_Ack) refers to delay.o(i.Delay_Us) for Delay_Us
    iic.o(i.IIC_Wait_Ack) refers to stm32f1xx_hal_gpio.o(i.HAL_GPIO_ReadPin) for HAL_GPIO_ReadPin
    iic.o(i.IIC_Wait_Ack) refers to stm32f1xx_hal_gpio.o(i.HAL_GPIO_WritePin) for HAL_GPIO_WritePin
    delay.o(i.Delay_Ms) refers to delay.o(i.Delay_Us) for Delay_Us
    at24c02.o(i.AT24C02_ReadByte) refers to iic.o(i.IIC_Start) for IIC_Start
    at24c02.o(i.AT24C02_ReadByte) refers to iic.o(i.IIC_Send_Byte) for IIC_Send_Byte
    at24c02.o(i.AT24C02_ReadByte) refers to iic.o(i.IIC_Wait_Ack) for IIC_Wait_Ack
    at24c02.o(i.AT24C02_ReadByte) refers to iic.o(i.IIC_Read_Byte) for IIC_Read_Byte
    at24c02.o(i.AT24C02_ReadByte) refers to iic.o(i.IIC_Stop) for IIC_Stop
    at24c02.o(i.AT24C02_ReadData) refers to at24c02.o(i.AT24C02_ReadByte) for AT24C02_ReadByte
    at24c02.o(i.AT24C02_ReadOTAInfo) refers to rt_memclr_w.o(.text) for __aeabi_memclr4
    at24c02.o(i.AT24C02_ReadOTAInfo) refers to at24c02.o(i.AT24C02_ReadData) for AT24C02_ReadData
    at24c02.o(i.AT24C02_ReadOTAInfo) refers to main.o(.bss) for OTA_Info
    at24c02.o(i.AT24C02_WriteOTAInfo) refers to at24c02.o(i.AT24C02_WritePage) for AT24C02_WritePage
    at24c02.o(i.AT24C02_WriteOTAInfo) refers to stm32f1xx_hal.o(i.HAL_Delay) for HAL_Delay
    at24c02.o(i.AT24C02_WriteOTAInfo) refers to main.o(.bss) for OTA_Info
    at24c02.o(i.AT24C02_WritePage) refers to iic.o(i.IIC_Start) for IIC_Start
    at24c02.o(i.AT24C02_WritePage) refers to iic.o(i.IIC_Send_Byte) for IIC_Send_Byte
    at24c02.o(i.AT24C02_WritePage) refers to iic.o(i.IIC_Wait_Ack) for IIC_Wait_Ack
    at24c02.o(i.AT24C02_WritePage) refers to iic.o(i.IIC_Stop) for IIC_Stop
    at24c02.o(i.AT24C02_Write_Byte) refers to iic.o(i.IIC_Start) for IIC_Start
    at24c02.o(i.AT24C02_Write_Byte) refers to iic.o(i.IIC_Send_Byte) for IIC_Send_Byte
[...]
    i.FLASH_Program_HalfWord                 0x08001e18   Section        0  stm32f1xx_hal_flash.o(i.FLASH_Program_HalfWord)
    FLASH_Program_HalfWord                   0x08001e19   Thumb Code    20  stm32f1xx_hal_flash.o(i.FLASH_Program_HalfWord)
    i.FLASH_SetErrorCode                     0x08001e34   Section        0  stm32f1xx_hal_flash.o(i.FLASH_SetErrorCode)
    FLASH_SetErrorCode                       0x08001e35   Thumb Code    84  stm32f1xx_hal_flash.o(i.FLASH_SetErrorCode)
    i.FLASH_WRITE                            0x08001e90   Section        0  fmc.o(i.FLASH_WRITE)
    i.FLASH_WaitForLastOperation             0x08001ebc   Section        0  stm32f1xx_hal_flash.o(i.FLASH_WaitForLastOperation)
    i.HAL_DMA_Abort                          0x08001f10   Section        0  stm32f1xx_hal_dma.o(i.HAL_DMA_Abort)
    i.HAL_DMA_Abort_IT                       0x08001f58   Section        0  stm32f1xx_hal_dma.o(i.HAL_DMA_Abort_IT)
    i.HAL_DMA_IRQHandler                     0x080020a8   Section        0  stm32f1xx_hal_dma.o(i.HAL_DMA_IRQHandler)
    i.HAL_DMA_Init                           0x08002348   Section        0  stm32f1xx_hal_dma.o(i.HAL_DMA_Init)
    i.HAL_DMA_Start_IT                       0x080023c8   Section        0  stm32f1xx_hal_dma.o(i.HAL_DMA_Start_IT)
    i.HAL_Delay                              0x0800243c   Section        0  stm32f1xx_hal.o(i.HAL_Delay)
    i.HAL_FLASHEx_Erase                      0x08002460   Section        0  stm32f1xx_hal_flash_ex.o(i.HAL_FLASHEx_Erase)
    i.HAL_FLASH_Lock                         0x08002508   Section        0  stm32f1xx_hal_flash.o(i.HAL_FLASH_Lock)
    i.HAL_FLASH_Program                      0x0800251c   Section        0  stm32f1xx_hal_flash.o(i.HAL_FLASH_Program)
    i.HAL_FLASH_Unlock                       0x080025a8   Section        0  stm32f1xx_hal_flash.o(i.HAL_FLASH_Unlock)
    i.HAL_GPIO_Init                          0x080025d0   Section        0  stm32f1xx_hal_gpio.o(i.HAL_GPIO_Init)
    i.HAL_GPIO_ReadPin                       0x080027e4   Section        0  stm32f1xx_hal_gpio.o(i.HAL_GPIO_ReadPin)
    i.HAL_GPIO_WritePin                      0x080027f2   Section        0  stm32f1xx_hal_gpio.o(i.HAL_GPIO_WritePin)
    i.HAL_GetTick                            0x08002800   Section        0  stm32f1xx_hal.o(i.HAL_GetTick)
    i.HAL_IncTick                            0x0800280c   Section        0  stm32f1xx_hal.o(i.HAL_IncTick)
    i.HAL_Init                               0x0800281c   Section        0  stm32f1xx_hal.o(i.HAL_Init)
    i.HAL_InitTick                           0x08002840   Section        0  stm32f1xx_hal.o(i.HAL_InitTick)
    i.HAL_MspInit                            0x08002884   Section        0  stm32f1xx_hal_msp.o(i.HAL_MspInit)
    i.HAL_NVIC_EnableIRQ                     0x080028c0   Section        0  stm32f1xx_hal_cortex.o(i.HAL_NVIC_EnableIRQ)
    i.HAL_NVIC_SetPriority                   0x080028dc   Section        0  stm32f1xx_hal_cortex.o(i.HAL_NVIC_SetPriority)
    i.HAL_NVIC_SetPriorityGrouping           0x0800291c   Section        0  stm32f1xx_hal_cortex.o(i.HAL_NVIC_SetPriorityGrouping)
    i.HAL_RCC_ClockConfig                    0x08002940   Section        0  stm32f1xx_hal_rcc.o(i.HAL_RCC_ClockConfig)
    i.HAL_RCC_GetHCLKFreq                    0x08002a94   Section        0  stm32f1xx_hal_rcc.o(i.HAL_RCC_GetHCLKFreq)
    i.HAL_RCC_GetPCLK1Freq                   0x08002aa0   Section        0  stm32f1xx_hal_rcc.o(i.HAL_RCC_GetPCLK1Freq)
    i.HAL_RCC_GetPCLK2Freq                   0x08002ac0   Section        0  stm32f1xx_hal_rcc.o(i.HAL_RCC_GetPCLK2Freq)
    i.HAL_RCC_GetSysClockFreq                0x08002ae0   Section        0  stm32f1xx_hal_rcc.o(i.HAL_RCC_GetSysClockFreq)
    i.HAL_RCC_OscConfig                      0x08002b2c   Section        0  stm32f1xx_hal_rcc.o(i.HAL_RCC_OscConfig)
    i.HAL_SPI_TransmitReceive                0x08002eb0   Section        0  stm32f1xx_hal_spi.o(i.HAL_SPI_TransmitReceive)
    i.HAL_SYSTICK_Config                     0x080030a6   Section        0  stm32f1xx_hal_cortex.o(i.HAL_SYSTICK_Config)
    i.HAL_UARTEx_RxEventCallback             0x080030ce   Section        0  stm32f1xx_hal_uart.o(i.HAL_UARTEx_RxEventCallback)
    i.HAL_UART_DMAStop                       0x080030d0   Section        0  stm32f1xx_hal_uart.o(i.HAL_UART_DMAStop)
    i.HAL_UART_ErrorCallback                 0x08003140   Section        0  stm32f1xx_hal_uart.o(i.HAL_UART_ErrorCallback)
    i.HAL_UART_IRQHandler                    0x08003144   Section        0  stm32f1xx_hal_uart.o(i.HAL_UART_IRQHandler)
    i.HAL_UART_Init                          0x08003374   Section        0  stm32f1xx_hal_uart.o(i.HAL_UART_Init)
    i.HAL_UART_MspInit                       0x080033dc   Section        0  usart.o(i.HAL_UART_MspInit)
    i.HAL_UART_Receive_DMA                   0x0800348c   Section        0  stm32f1xx_hal_uart.o(i.HAL_UART_Receive_DMA)
    i.HAL_UART_RxCpltCallback                0x080034a8   Section        0  stm32f1xx_hal_uart.o(i.HAL_UART_RxCpltCallback)
    i.HAL_UART_RxHalfCpltCallback            0x080034aa   Section        0  stm32f1xx_hal_uart.o(i.HAL_UART_RxHalfCpltCallback)
    i.HAL_UART_Transmit                      0x080034ac   Section        0  stm32f1xx_hal_uart.o(i.HAL_UART_Transmit)
    i.HAL_UART_TxCpltCallback                0x08003550   Section        0  stm32f1xx_hal_uart.o(i.HAL_UART_TxCpltCallback)
    i.HardFault_Handler                      0x08003552   Section        0  stm32f1xx_it.o(i.HardFault_Handler)
    i.IIC_Init                               0x08003554   Section        0  iic.o(i.IIC_Init)
    i.IIC_Read_Byte                          0x080035b8   Section        0  iic.o(i.IIC_Read_Byte)
    i.IIC_Send_Byte                          0x0800368c   Section        0  iic.o(i.IIC_Send_Byte)
    i.IIC_Start                              0x08003704   Section        0  iic.o(i.IIC_Start)
    i.IIC_Stop                               0x08003748   Section        0  iic.o(i.IIC_Stop)
    i.IIC_Wait_Ack                           0x08003784   Section        0  iic.o(i.IIC_Wait_Ack)
    i.LOAD_A                                 0x080037e8   Section        0  boot.o(i.LOAD_A)
    i.MX_DMA_Init                            0x08003828   Section        0  dma.o(i.MX_DMA_Init)
    i.MX_GPIO_Init                           0x08003854   Section        0  gpio.o(i.MX_GPIO_Init)
    i.MX_USART1_UART_Init                    0x08003880   Section        0  usart.o(i.MX_USART1_UART_Init)
    i.MemManage_Handler                      0x080038b8   Section        0  stm32f1xx_it.o(i.MemManage_Handler)
    i.NMI_Handler                            0x080038ba   Section        0  stm32f1xx_it.o(i.NMI_Handler)
    i.PendSV_Handler                         0x080038bc   Section        0  stm32f1xx_it.o(i.PendSV_Handler)
    i.RCC_Delay                              0x080038c0   Section        0  stm32f1xx_hal_rcc.o(i.RCC_Delay)
    RCC_Delay                                0x080038c1   Thumb Code    30  stm32f1xx_hal_rcc.o(i.RCC_Delay)
    i.SPI1_Read                              0x080038e4   Section        0  spi.o(i.SPI1_Read)
    i.SPI1_ReadWriteByte                     0x08003900   Section        0  spi.o(i.SPI1_ReadWriteByte)
    i.SPI1_Write                             0x08003920   Section        0  spi.o(i.SPI1_Write)
    i.SPI_EndRxTxTransaction                 0x0800393a   Section        0  stm32f1xx_hal_spi.o(i.SPI_EndRxTxTransaction)
    SPI_EndRxTxTransaction                   0x0800393b   Thumb Code    36  stm32f1xx_hal_spi.o(i.SPI_EndRxTxTransaction)
    i.SPI_WaitFlagStateUntilTimeout          0x08003960   Section        0  stm32f1xx_hal_spi.o(i.SPI_WaitFlagStateUntilTimeout)
    SPI_WaitFlagStateUntilTimeout            0x08003961   Thumb Code   184  stm32f1xx_hal_spi.o(i.SPI_WaitFlagStateUntilTimeout)
    i.SVC_Handler                            0x08003a1c   Section        0  stm32f1xx_it.o(i.SVC_Handler)
    i.SysTick_Handler                        0x08003a1e   Section        0  stm32f1xx_it.o(i.SysTick_Handler)
    i.SystemClock_Config                     0x08003a22   Section        0  main.o(i.SystemClock_Config)
    i.SystemInit                             0x08003a80   Section        0  system_stm32f1xx.o(i.SystemInit)
    i.U0Rx_PtrInit                           0x08003a84   Section        0  usart.o(i.U0Rx_PtrInit)
    i.UART_DMAAbortOnError                   0x08003aa4   Section        0  stm32f1xx_hal_uart.o(i.UART_DMAAbortOnError)
    UART_DMAAbortOnError                     0x08003aa5   Thumb Code    16  stm32f1xx_hal_uart.o(i.UART_DMAAbortOnError)
    i.UART_DMAError                          0x08003ab4   Section        0  stm32f1xx_hal_uart.o(i.UART_DMAError)
    UART_DMAError                            0x08003ab5   Thumb Code    74  stm32f1xx_hal_uart.o(i.UART_DMAError)
    i.UART_DMAReceiveCplt                    0x08003afe   Section        0  stm32f1xx_hal_uart.o(i.UART_DMAReceiveCplt)
    UART_DMAReceiveCplt                      0x08003aff   Thumb Code   134  stm32f1xx_hal_uart.o(i.UART_DMAReceiveCplt)
    i.UART_DMARxHalfCplt                     0x08003b84   Section        0  stm32f1xx_hal_uart.o(i.UART_DMARxHalfCplt)
    UART_DMARxHalfCplt                       0x08003b85   Thumb Code    30  stm32f1xx_hal_uart.o(i.UART_DMARxHalfCplt)
    i.UART_EndRxTransfer                     0x08003ba2   Section        0  stm32f1xx_hal_uart.o(i.UART_EndRxTransfer)
    UART_EndRxTransfer                       0x08003ba3   Thumb Code    78  stm32f1xx_hal_uart.o(i.UART_EndRxTransfer)
    i.UART_EndTransmit_IT                    0x08003bf0   Section        0  stm32f1xx_hal_uart.o(i.UART_EndTransmit_IT)
    UART_EndTransmit_IT                      0x08003bf1   Thumb Code    26  stm32f1xx_hal_uart.o(i.UART_EndTransmit_IT)
    i.UART_EndTxTransfer                     0x08003c0a   Section        0  stm32f1xx_hal_uart.o(i.UART_EndTxTransfer)
    UART_EndTxTransfer                       0x08003c0b   Thumb Code    28  stm32f1xx_hal_uart.o(i.UART_EndTxTransfer)
    i.UART_Receive_IT                        0x08003c26   Section        0  stm32f1xx_hal_uart.o(i.UART_Receive_IT)
    UART_Receive_IT                          0x08003c27   Thumb Code   200  stm32f1xx_hal_uart.o(i.UART_Receive_IT)
    i.UART_SetConfig                         0x08003cf0   Section        0  stm32f1xx_hal_uart.o(i.UART_SetConfig)
    UART_SetConfig                           0x08003cf1   Thumb Code   178  stm32f1xx_hal_uart.o(i.UART_SetConfig)
    i.UART_Start_Receive_DMA                 0x08003da8   Section        0  stm32f1xx_hal_uart.o(i.UART_Start_Receive_DMA)
    i.UART_Transmit_IT                       0x08003e3c   Section        0  stm32f1xx_hal_uart.o(i.UART_Transmit_IT)
    UART_Transmit_IT                         0x08003e3d   Thumb Code    94  stm32f1xx_hal_uart.o(i.UART_Transmit_IT)
    i.UART_WaitOnFlagUntilTimeout            0x08003e9a   Section        0  stm32f1xx_hal_uart.o(i.UART_WaitOnFlagUntilTimeout)
    UART_WaitOnFlagUntilTimeout              0x08003e9b   Thumb Code   116  stm32f1xx_hal_uart.o(i.UART_WaitOnFlagUntilTimeout)
    i.USART1_IRQHandler                      0x08003f10   Section        0  stm32f1xx_it.o(i.USART1_IRQHandler)
    i.UsageFault_Handler                     0x08003fa0   Section        0  stm32f1xx_it.o(i.UsageFault_Handler)
    i.W25Q64_Read                            0x08003fa4   Section        0  w25q64.o(i.W25Q64_Read)
    i.W25Q64_WaitBusy                        0x08003ff0   Section        0  w25q64.o(i.W25Q64_WaitBusy)
    i.__ARM_fpclassify                       0x08004020   Section        0  fpclassify.o(i.__ARM_fpclassify)
    i.__NVIC_SetPriority                     0x08004048   Section        0  stm32f1xx_hal_cortex.o(i.__NVIC_SetPriority)
    __NVIC_SetPriority                       0x08004049   Thumb Code    32  stm32f1xx_hal_cortex.o(i.__NVIC_SetPriority)
    i._is_digit                              0x08004068   Section        0  __printf_wp.o(i._is_digit)
    i.main                                   0x08004078   Section        0  main.o(i.main)
    i.u0_printf                              0x08004204   Section        0  usart.o(i.u0_printf)
    locale$$code                             0x08004264   Section       44  lc_numeric_c.o(locale$$code)
    locale$$code                             0x08004290   Section       44  lc_ctype_c.o(locale$$code)
    x$fpl$printf1                            0x080042bc   Section        4  printf1.o(x$fpl$printf1)
    x$fpl$printf2                            0x080042c0   Section        4  printf2.o(x$fpl$printf2)
    .constdata                               0x080042c4   Section       18  stm32f1xx_hal_rcc.o(.constdata)
    x$fpl$usenofp                            0x080042c4   Section        0  usenofp.o(x$fpl$usenofp)
    aPredivFactorTable                       0x080042c4   Data           2  stm32f1xx_hal_rcc.o(.constdata)
    aPLLMULFactorTable                       0x080042c6   Data          16  stm32f1xx_hal_rcc.o(.constdata)
    .constdata                               0x080042d6   Section       16  system_stm32f1xx.o(.constdata)
    .constdata                               0x080042e6   Section        8  system_stm32f1xx.o(.constdata)
    .constdata                               0x080042f0   Section        8  _printf_wctomb.o(.constdata)
    initial_mbstate                          0x080042f0   Data           8  _printf_wctomb.o(.constdata)
    .constdata                               0x080042f8   Section       40  _printf_hex_int_ll_ptr.o(.constdata)
    uc_hextab                                0x080042f8   Data          20  _printf_hex_int_ll_ptr.o(.constdata)
    lc_hextab                                0x0800430c   Data          20  _printf_hex_int_ll_ptr.o(.constdata)
    .constdata                               0x08004320   Section       17  __printf_flags_ss_wp.o(.constdata)
    maptable                                 0x08004320   Data          17  __printf_flags_ss_wp.o(.constdata)
    .constdata                               0x08004331   Section       38  _printf_fp_hex.o(.constdata)
    lc_hextab                                0x08004331   Data          19  _printf_fp_hex.o(.constdata)
    uc_hextab                                0x08004344   Data          19  _printf_fp_hex.o(.constdata)
    .constdata                               0x08004358   Section      148  bigflt0.o(.constdata)
    tenpwrs_x                                0x08004358   Data          60  bigflt0.o(.constdata)
    tenpwrs_i                                0x08004394   Data          64  bigflt0.o(.constdata)
    locale$$data                             0x0800440c   Section       28  lc_numeric_c.o(locale$$data)
    __lcnum_c_name                           0x08004410   Data           2  lc_numeric_c.o(locale$$data)
    __lcnum_c_start                          0x08004418   Data           0  lc_numeric_c.o(locale$$data)
    __lcnum_c_point                          0x08004424   Data           0  lc_numeric_c.o(locale$$data)
    __lcnum_c_thousands                      0x08004426   Data           0  lc_numeric_c.o(locale$$data)
    __lcnum_c_grouping                       0x08004427   Data           0  lc_numeric_c.o(locale$$data)
    locale$$data                             0x08004428   Section      272  lc_ctype_c.o(locale$$data)
    __lcnum_c_end                            0x08004428   Data           0  lc_numeric_c.o(locale$$data)
    __lcctype_c_name                         0x0800442c   Data           2  lc_ctype_c.o(locale$$data)
    __lcctype_c_start                        0x08004434   Data           0  lc_ctype_c.o(locale$$data)
    __lcctype_c_end                          0x08004538   Data           0  lc_ctype_c.o(locale$$data)
    .data                                    0x20000000   Section        4  main.o(.data)
    .data                                    0x20000004   Section        4  boot.o(.data)
    .data                                    0x20000008   Section       12  stm32f1xx_hal.o(.data)
    .data                                    0x20000014   Section        4  system_stm32f1xx.o(.data)
    .bss                                     0x20000018   Section     2150  main.o(.bss)
    .bss                                     0x20000880   Section       88  spi.o(.bss)
    .bss                                     0x200008d8   Section     4332  usart.o(.bss)
    .bss                                     0x200019c8   Section       32  stm32f1xx_hal_flash.o(.bss)
    .bss                                     0x200019e8   Section       96  libspace.o(.bss)
    HEAP                                     0x20001a48   Section      512  startup_stm32f103xe.o(HEAP)
    Heap_Mem                                 0x20001a48   Data         512  startup_stm32f103xe.o(HEAP)
    STACK                                    0x20001c48   Section     1024  startup_stm32f103xe.o(STACK)
    Stack_Mem                                0x20001c48   Data        1024  startup_stm32f103xe.o(STACK)
    __initial_sp                             0x20002048   Data           0  startup_stm32f103xe.o(STACK)

    Global Symbols

    Symbol Name                              Value     Ov Type        Size  Object(Section)

    BuildAttributes$$THM_ISAv4$P$D$K$B$S$PE$A:L22UL41UL21$X:L11$S22US41US21$IEEE1$IW$USESV6$~STKCKD$USESV7$~SHL$OTIME$ROPI$IEEEJ$EBA8$UX$STANDARDLIB$REQ8$PRES8$EABIv2 0x00000000   Number         0  anon$$obj.o ABSOLUTE
    __ARM_use_no_argv                        0x00000000   Number         0  main.o ABSOLUTE
    _printf_flags                            0x00000000   Number         0  printf_stubs.o ABSOLUTE
    _printf_return_value                     0x00000000   Number         0  printf_stubs.o ABSOLUTE
    _printf_sizespec                         0x00000000   Number         0  printf_stubs.o ABSOLUTE
    _printf_widthprec                        0x00000000   Number         0  printf_stubs.o ABSOLUTE
    __ARM_exceptions_init                     - Undefined Weak Reference
    __alloca_initialize                       - Undefined Weak Reference
    __arm_preinit_                            - Undefined Weak Reference
    __cpp_initialize__aeabi_                  - Undefined Weak Reference
    __cxa_finalize                            - Undefined Weak Reference
    __sigvec_lookup                           - Undefined Weak Reference
    _atexit_init                              - Undefined Weak Reference
    _call_atexit_fns                          - Undefined Weak Reference
    _clock_init                               - Undefined Weak Reference
    _fp_trap_init                             - Undefined Weak Reference
    _fp_trap_shutdown                         - Undefined Weak Reference
    _get_lc_collate                           - Undefined Weak Reference
    _get_lc_monetary                          - Undefined Weak Reference
    _get_lc_time                              - Undefined Weak Reference
    _getenv_init                              - Undefined Weak Reference
    _handle_redirection                       - Undefined Weak Reference
    _init_alloc                               - Undefined Weak Reference
    _init_user_alloc                          - Undefined Weak Reference
    _initio                                   - Undefined Weak Reference
    _printf_mbtowc                            - Undefined Weak Reference
    _printf_wc                                - Undefined Weak Reference
    _rand_init                                - Undefined Weak Reference
    _signal_finish                            - Undefined Weak Reference
    _signal_init                              - Undefined Weak Reference
    _terminate_alloc                          - Undefined Weak Reference
    _terminate_user_alloc                     - Undefined Weak Reference
    _terminateio                              - Undefined Weak Reference
    __Vectors_Size                           0x00000130   Number         0  startup_stm32f103xe.o ABSOLUTE
    __Vectors                                0x08000000   Data           4  startup_stm32f103xe.o(RESET)
    __Vectors_End                            0x08000130   Data           0  startup_stm32f103xe.o(RESET)
    __main                                   0x08000131   Thumb Code     8  __main.o(!!!main)
    __scatterload                            0x08000139   Thumb Code     0  __scatter.o(!!!scatter)
    __scatterload_rt2                        0x08000139   Thumb Code    44  __scatter.o(!!!scatter)
    __scatterload_rt2_thumb_only             0x08000139   Thumb Code     0  __scatter.o(!!!scatter)
    __scatterload_null                       0x08000147   Thumb Code     0  __scatter.o(!!!scatter)
    __scatterload_copy                       0x0800016d   Thumb Code    26  __scatter_copy.o(!!handler_copy)
    __scatterload_zeroinit                   0x08000189   Thumb Code    28  __scatter_zi.o(!!handler_zi)
    _printf_n                                0x080001a5   Thumb Code     0  _printf_n.o(.ARM.Collect$$_printf_percent$$00000001)
    _printf_percent                          0x080001a5   Thumb Code     0  _printf_percent.o(.ARM.Collect$$_printf_percent$$00000000)
    _printf_p                                0x080001ab   Thumb Code     0  _printf_p.o(.ARM.Collect$$_printf_percent$$00000002)
    _printf_f                                0x080001b1   Thumb Code     0  _printf_f.o(.ARM.Collect$$_printf_percent$$00000003)
    _printf_e                                0x080001b7   Thumb Code     0  _printf_e.o(.ARM.Collect$$_printf_percent$$00000004)
    _printf_g                                0x080001bd   Thumb Code     0  _printf_g.o(.ARM.Collect$$_printf_percent$$00000005)
    _printf_a                                0x080001c3   Thumb Code     0  _printf_a.o(.ARM.Collect$$_printf_percent$$00000006)
    _printf_ll                               0x080001c9   Thumb Code     0  _printf_ll.o(.ARM.Collect$$_printf_percent$$00000007)
    _printf_i                                0x080001d3   Thumb Code     0  _printf_i.o(.ARM.Collect$$_printf_percent$$00000008)
    _printf_d                                0x080001d9   Thumb Code     0  _printf_d.o(.ARM.Collect$$_printf_percent$$00000009)
    _printf_u                                0x080001df   Thumb Code     0  _printf_u.o(.ARM.Collect$$_printf_percent$$0000000A)
    _printf_o                                0x080001e5   Thumb Code     0  _printf_o.o(.ARM.Collect$$_printf_percent$$0000000B)
    _printf_x                                0x080001eb   Thumb Code     0  _printf_x.o(.ARM.Collect$$_printf_percent$$0000000C)
    _printf_lli                              0x080001f1   Thumb Code     0  _printf_lli.o(.ARM.Collect$$_printf_percent$$0000000D)
    _printf_lld                              0x080001f7   Thumb Code     0  _printf_lld.o(.ARM.Collect$$_printf_percent$$0000000E)
    _printf_llu                              0x080001fd   Thumb Code     0  _printf_llu.o(.ARM.Collect$$_printf_percent$$0000000F)
    _printf_llo                              0x08000203   Thumb Code     0  _printf_llo.o(.ARM.Collect$$_printf_percent$$00000010)
    _printf_llx                              0x08000209   Thumb Code     0  _printf_llx.o(.ARM.Collect$$_printf_percent$$00000011)
    _printf_l                                0x0800020f   Thumb Code     0  _printf_l.o(.ARM.Collect$$_printf_percent$$00000012)
    _printf_c                                0x08000219   Thumb Code     0  _printf_c.o(.ARM.Collect$$_printf_percent$$00000013)
    _printf_s                                0x0800021f   Thumb Code     0  _printf_s.o(.ARM.Collect$$_printf_percent$$00000014)
    _printf_lc                               0x08000225   Thumb Code     0  _printf_lc.o(.ARM.Collect$$_printf_percent$$00000015)
    _printf_ls                               0x0800022b   Thumb Code     0  _printf_ls.o(.ARM.Collect$$_printf_percent$$00000016)
    _printf_percent_end                      0x08000231   Thumb Code     0  _printf_percent_end.o(.ARM.Collect$$_printf_percent$$00000017)
    __rt_lib_init                            0x08000235   Thumb Code     0  libinit.o(.ARM.Collect$$libinit$$00000000)
    __rt_lib_init_fp_1                       0x08000237   Thumb Code     0  libinit2.o(.ARM.Collect$$libinit$$00000002)
    __rt_lib_init_heap_1                     0x08000237   Thumb Code     0  libinit2.o(.ARM.Collect$$libinit$$0000000A)
    __rt_lib_init_lc_common                  0x08000237   Thumb Code     0  libinit2.o(.ARM.Collect$$libinit$$0000000F)
    __rt_lib_init_preinit_1                  0x08000237   Thumb Code     0  libinit2.o(.ARM.Collect$$libinit$$00000004)
    __rt_lib_init_rand_1                     0x08000237   Thumb Code     0  libinit2.o(.ARM.Collect$$libinit$$0000000E)
    __rt_lib_init_user_alloc_1               0x08000237   Thumb Code     0  libinit2.o(.ARM.Collect$$libinit$$0000000C)
    __rt_lib_init_lc_collate_1               0x0800023d   Thumb Code     0  libinit2.o(.ARM.Collect$$libinit$$00000011)
    __rt_lib_init_lc_ctype_2                 0x0800023d   Thumb Code     0  libinit2.o(.ARM.Collect$$libinit$$00000012)
    __rt_lib_init_lc_ctype_1                 0x08000249   Thumb Code     0  libinit2.o(.ARM.Collect$$libinit$$00000013)
    __rt_lib_init_lc_monetary_1              0x08000249   Thumb Code     0  libinit2.o(.ARM.Collect$$libinit$$00000015)
    __rt_lib_init_lc_numeric_2               0x08000249   Thumb Code     0  libinit2.o(.ARM.Collect$$libinit$$00000016)
    __rt_lib_init_alloca_1                   0x08000253   Thumb Code     0  libinit2.o(.ARM.Collect$$libinit$$0000002E)
    __rt_lib_init_argv_1                     0x08000253   Thumb Code     0  libinit2.o(.ARM.Collect$$libinit$$0000002C)
    __rt_lib_init_atexit_1                   0x08000253   Thumb Code     0  libinit2.o(.ARM.Collect$$libinit$$0000001B)
    __rt_lib_init_clock_1                    0x08000253   Thumb Code     0  libinit2.o(.ARM.Collect$$libinit$$00000021)
    __rt_lib_init_cpp_1                      0x08000253   Thumb Code     0  libinit2.o(.ARM.Collect$$libinit$$00000032)
    __rt_lib_init_exceptions_1               0x08000253   Thumb Code     0  libinit2.o(.ARM.Collect$$libinit$$00000030)
    __rt_lib_init_fp_trap_1                  0x08000253   Thumb Code     0  libinit2.o(.ARM.Collect$$libinit$$0000001F)
    __rt_lib_init_getenv_1                   0x08000253   Thumb Code     0  libinit2.o(.ARM.Collect$$libinit$$00000023)
    __rt_lib_init_lc_numeric_1               0x08000253   Thumb Code     0  libinit2.o(.ARM.Collect$$libinit$$00000017)
    __rt_lib_init_lc_time_1                  0x08000253   Thumb Code     0  libinit2.o(.ARM.Collect$$libinit$$00000019)
    __rt_lib_init_return                     0x08000253   Thumb Code     0  libinit2.o(.ARM.Collect$$libinit$$00000033)
    __rt_lib_init_signal_1                   0x08000253   Thumb Code     0  libinit2.o(.ARM.Collect$$libinit$$0000001D)
    __rt_lib_init_stdio_1                    0x08000253   Thumb Code     0  libinit2.o(.ARM.Collect$$libinit$$00000025)
    __rt_lib_shutdown                        0x08000255   Thumb Code     0  libshutdown.o(.ARM.Collect$$libshutdown$$00000000)
    __rt_lib_shutdown_fp_trap_1              0x08000257   Thumb Code     0  libshutdown2.o(.ARM.Collect$$libshutdown$$00000006)
    __rt_lib_shutdown_heap_1                 0x08000257   Thumb Code     0  libshutdown2.o(.ARM.Collect$$libshutdown$$0000000E)
    __rt_lib_shutdown_return                 0x08000257   Thumb Code     0  libshutdown2.o(.ARM.Collect$$libshutdown$$0000000F)
    __rt_lib_shutdown_signal_1               0x08000257   Thumb Code     0  libshutdown2.o(.ARM.Collect$$libshutdown$$00000009)
    __rt_lib_shutdown_stdio_1                0x08000257   Thumb Code     0  libshutdown2.o(.ARM.Collect$$libshutdown$$00000003)
    __rt_lib_shutdown_user_alloc_1           0x08000257   Thumb Code     0  libshutdown2.o(.ARM.Collect$$libshutdown$$0000000B)
    __rt_entry                               0x08000259   Thumb Code     0  __rtentry.o(.ARM.Collect$$rtentry$$00000000)
    __rt_entry_presh_1                       0x08000259   Thumb Code     0  __rtentry2.o(.ARM.Collect$$rtentry$$00000002)
    __rt_entry_sh                            0x08000259   Thumb Code     0  __rtentry4.o(.ARM.Collect$$rtentry$$00000004)
    __rt_entry_li                            0x0800025f   Thumb Code     0  __rtentry2.o(.ARM.Collect$$rtentry$$0000000A)
    __rt_entry_postsh_1                      0x0800025f   Thumb Code     0  __rtentry2.o(.ARM.Collect$$rtentry$$00000009)
    __rt_entry_main                          0x08000263   Thumb Code     0  __rtentry2.o(.ARM.Collect$$rtentry$$0000000D)
    __rt_entry_postli_1                      0x08000263   Thumb Code     0  __rtentry2.o(.ARM.Collect$$rtentry$$0000000C)
    __rt_exit                                0x0800026b   Thumb Code     0  rtexit.o(.ARM.Collect$$rtexit$$00000000)
    __rt_exit_ls                             0x0800026d   Thumb Code     0  rtexit2.o(.ARM.Collect$$rtexit$$00000003)
    __rt_exit_prels_1                        0x0800026d   Thumb Code     0  rtexit2.o(.ARM.Collect$$rtexit$$00000002)
    __rt_exit_exit                           0x08000271   Thumb Code     0  rtexit2.o(.ARM.Collect$$rtexit$$00000004)
    MSR_SP                                   0x08000279   Thumb Code     6  boot.o(.emb_text)
    Reset_Handler                            0x08000281   Thumb Code     8  startup_stm32f103xe.o(.text)
    ADC1_2_IRQHandler                        0x0800029b   Thumb Code     0  startup_stm32f103xe.o(.text)
    ADC3_IRQHandler                          0x0800029b   Thumb Code     0  startup_stm32f103xe.o(.text)
    CAN1_RX1_IRQHandler                      0x0800029b   Thumb Code     0  startup_stm32f103xe.o(.text)
    CAN1_SCE_IRQHandler                      0x0800029b   Thumb Code     0  startup_stm32f103xe.o(.text)
    DMA1_Channel1_IRQHandler                 0x0800029b   Thumb Code     0  startup_stm32f103xe.o(.text)
    DMA1_Channel2_IRQHandler                 0x0800029b   Thumb Code     0  startup_stm32f103xe.o(.text)
    DMA1_Channel3_IRQHandler                 0x0800029b   Thumb Code     0  startup_stm32f103xe.o(.text)
    DMA1_Channel4_IRQHandler                 0x0800029b   Thumb Code     0  startup_stm32f103xe.o(.text)
    DMA1_Channel6_IRQHandler                 0x0800029b   Thumb Code     0  startup_stm32f103xe.o(.text)
    DMA1_Channel7_IRQHandler                 0x0800029b   Thumb Code     0  startup_stm32f103xe.o(.text)
    DMA2_Channel1_IRQHandler                 0x0800029b   Thumb Code     0  startup_stm32f103xe.o(.text)
    DMA2_Channel2_IRQHandler                 0x0800029b   Thumb Code     0  startup_stm32f103xe.o(.text)
    DMA2_Channel3_IRQHandler                 0x0800029b   Thumb Code     0  startup_stm32f103xe.o(.text)
    DMA2_Channel4_5_IRQHandler               0x0800029b   Thumb Code     0  startup_stm32f103xe.o(.text)
    EXTI0_IRQHandler                         0x0800029b   Thumb Code     0  startup_stm32f103xe.o(.text)
    EXTI15_10_IRQHandler                     0x0800029b   Thumb Code     0  startup_stm32f103xe.o(.text)
    EXTI1_IRQHandler                         0x0800029b   Thumb Code     0  startup_stm32f103xe.o(.text)
    EXTI2_IRQHandler                         0x0800029b   Thumb Code     0  startup_stm32f103xe.o(.text)
    EXTI3_IRQHandler                         0x0800029b   Thumb Code     0  startup_stm32f103xe.o(.text)
    EXTI4_IRQHandler                         0x0800029b   Thumb Code     0  startup_stm32f103xe.o(.text)
    EXTI9_5_IRQHandler                       0x0800029b   Thumb Code     0  startup_stm32f103xe.o(.text)
    FLASH_IRQHandler                         0x0800029b   Thumb Code     0  startup_stm32f103xe.o(.text)
    FSMC_IRQHandler                          0x0800029b   Thumb Code     0  startup_stm32f103xe.o(.text)
    I2C1_ER_IRQHandler                       0x0800029b   Thumb Code     0  startup_stm32f103xe.o(.text)
    I2C1_EV_IRQHandler                       0x0800029b   Thumb Code     0  startup_stm32f103xe.o(.text)
    I2C2_ER_IRQHandler                       0x0800029b   Thumb Code     0  startup_stm32f103xe.o(.text)
    I2C2_EV_IRQHandler                       0x0800029b   Thumb Code     0  startup_stm32f103xe.o(.text)
    PVD_IRQHandler                           0x0800029b   Thumb Code     0  startup_stm32f103xe.o(.text)
    RCC_IRQHandler                           0x0800029b   Thumb Code     0  startup_stm32f103xe.o(.text)
    RTC_Alarm_IRQHandler                     0x0800029b   Thumb Code     0  startup_stm32f103xe.o(.text)
    RTC_IRQHandler                           0x0800029b   Thumb Code     0  startup_stm32f103xe.o(.text)
    SDIO_IRQHandler                          0x0800029b   Thumb Code     0  startup_stm32f103xe.o(.text)
    SPI1_IRQHandler                          0x0800029b   Thumb Code     0  startup_stm32f103xe.o(.text)
    SPI2_IRQHandler                          0x0800029b   Thumb Code     0  startup_stm32f103xe.o(.text)
    SPI3_IRQHandler                          0x0800029b   Thumb Code     0  startup_stm32f103xe.o(.text)
    TAMPER_IRQHandler                        0x0800029b   Thumb Code     0  startup_stm32f103xe.o(.text)
    TIM1_BRK_IRQHandler                      0x0800029b   Thumb Code     0  startup_stm32f103xe.o(.text)
    TIM1_CC_IRQHandler                       0x0800029b   Thumb Code     0  startup_stm32f103xe.o(.text)
    TIM1_TRG_COM_IRQHandler                  0x0800029b   Thumb Code     0  startup_stm32f103xe.o(.text)
    TIM1_UP_IRQHandler                       0x0800029b   Thumb Code     0  startup_stm32f103xe.o(.text)
    TIM2_IRQHandler                          0x0800029b   Thumb Code     0  startup_stm32f103xe.o(.text)
    TIM3_IRQHandler                          0x0800029b   Thumb Code     0  startup_stm32f103xe.o(.text)
    TIM4_IRQHandler                          0x0800029b   Thumb Code     0  startup_stm32f103xe.o(.text)
    TIM5_IRQHandler                          0x0800029b   Thumb Code     0  startup_stm32f103xe.o(.text)
    TIM6_IRQHandler                          0x0800029b   Thumb Code     0  startup_stm32f103xe.o(.text)
    TIM7_IRQHandler                          0x0800029b   Thumb Code     0  startup_stm32f103xe.o(.text)
    TIM8_BRK_IRQHandler                      0x0800029b   Thumb Code     0  startup_stm32f103xe.o(.text)
    TIM8_CC_IRQHandler                       0x0800029b   Thumb Code     0  startup_stm32f103xe.o(.text)
    TIM8_TRG_COM_IRQHandler                  0x0800029b   Thumb Code     0  startup_stm32f103xe.o(.text)
    TIM8_UP_IRQHandler                       0x0800029b   Thumb Code     0  startup_stm32f103xe.o(.text)
    UART4_IRQHandler                         0x0800029b   Thumb Code     0  startup_stm32f103xe.o(.text)
    UART5_IRQHandler                         0x0800029b   Thumb Code     0  startup_stm32f103xe.o(.text)
    USART2_IRQHandler                        0x0800029b   Thumb Code     0  startup_stm32f103xe.o(.text)
    USART3_IRQHandler                        0x0800029b   Thumb Code     0  startup_stm32f103xe.o(.text)
    USBWakeUp_IRQHandler                     0x0800029b   Thumb Code     0  startup_stm32f103xe.o(.text)
    USB_HP_CAN1_TX_IRQHandler                0x0800029b   Thumb Code     0  startup_stm32f103xe.o(.text)
    USB_LP_CAN1_RX0_IRQHandler               0x0800029b   Thumb Code     0  startup_stm32f103xe.o(.text)
    WWDG_IRQHandler                          0x0800029b   Thumb Code     0  startup_stm32f103xe.o(.text)
    __user_initial_stackheap                 0x0800029d   Thumb Code     0  startup_stm32f103xe.o(.text)
    __aeabi_llsr                             0x080002c1   Thumb Code     0  llushr.o(.text)
    _ll_ushift_r                             0x080002c1   Thumb Code    38  llushr.o(.text)
    vsprintf                                 0x080002e9   Thumb Code    32  vsprintf.o(.text)
    strlen                                   0x0800030d   Thumb Code    62  strlen.o(.text)
    __aeabi_memclr4                          0x0800034b   Thumb Code     0  rt_memclr_w.o(.text)
    __aeabi_memclr8                          0x0800034b   Thumb Code     0  rt_memclr_w.o(.text)
    __rt_memclr_w                            0x0800034b   Thumb Code    78  rt_memclr_w.o(.text)
    _memset_w                                0x0800034f   Thumb Code     0  rt_memclr_w.o(.text)
    __use_two_region_memory                  0x08000399   Thumb Code     2  heapauxi.o(.text)
    __rt_heap_escrow$2region                 0x0800039b   Thumb Code     2  heapauxi.o(.text)
    __rt_heap_expand$2region                 0x0800039d   Thumb Code     2  heapauxi.o(.text)
    _printf_pre_padding                      0x0800039f   Thumb Code    44  _printf_pad.o(.text)
    _printf_post_padding                     0x080003cb   Thumb Code    34  _printf_pad.o(.text)
    _printf_truncate_signed                  0x080003ed   Thumb Code    18  _printf_truncate.o(.text)
    _printf_truncate_unsigned                0x080003ff   Thumb Code    18  _printf_truncate.o(.text)
    _printf_str                              0x08000411   Thumb Code    82  _printf_str.o(.text)
    _printf_int_dec                          0x08000465   Thumb Code   104  _printf_dec.o(.text)
    _printf_charcount                        0x080004dd   Thumb Code    40  _printf_charcount.o(.text)
    _printf_char_common                      0x0800050f   Thumb Code    32  _printf_char_common.o(.text)
    _sputc                                   0x08000535   Thumb Code    10  _sputc.o(.text)
    _printf_wctomb                           0x08000541   Thumb Code   182  _printf_wctomb.o(.text)
    _printf_longlong_dec                     0x080005fd   Thumb Code   108  _printf_longlong_dec.o(.text)
    _printf_longlong_oct                     0x08000679   Thumb Code    68  _printf_oct_int_ll.o(.text)
    _printf_int_oct                          0x080006bd   Thumb Code    24  _printf_oct_int_ll.o(.text)
    _printf_ll_oct                           0x080006d5   Thumb Code    12  _printf_oct_int_ll.o(.text)
    _printf_longlong_hex                     0x080006e9   Thumb Code    86  _printf_hex_int_ll_ptr.o(.text)
    _printf_int_hex                          0x0800073f   Thumb Code    28  _printf_hex_int_ll_ptr.o(.text)
    _printf_ll_hex                           0x0800075b   Thumb Code    12  _printf_hex_int_ll_ptr.o(.text)
    _printf_hex_ptr                          0x08000767   Thumb Code    18  _printf_hex_int_ll_ptr.o(.text)
    __printf                                 0x0800077d   Thumb Code   388  __printf_flags_ss_wp.o(.text)
    _ll_udiv10                               0x08000905   Thumb Code   138  lludiv10.o(.text)
    _printf_int_common                       0x0800098f   Thumb Code   178  _printf_intcommon.o(.text)
    __lib_sel_fp_printf                      0x08000a41   Thumb Code     2  _printf_fp_dec.o(.text)
    _printf_fp_dec_real                      0x08000bef   Thumb Code   620  _printf_fp_dec.o(.text)
    _printf_fp_hex_real                      0x08000e5d   Thumb Code   754  _printf_fp_hex.o(.text)
    _printf_cs_common                        0x08001159   Thumb Code    20  _printf_char.o(.text)
    _printf_char                             0x0800116d   Thumb Code    16  _printf_char.o(.text)
    _printf_string                           0x0800117d   Thumb Code     8  _printf_char.o(.text)
    _printf_lcs_common                       0x08001185   Thumb Code    20  _printf_wchar.o(.text)
    _printf_wchar                            0x08001199   Thumb Code    16  _printf_wchar.o(.text)
    _printf_wstring                          0x080011a9   Thumb Code     8  _printf_wchar.o(.text)
    _wcrtomb                                 0x080011b1   Thumb Code    64  _wcrtomb.o(.text)
    __user_setup_stackheap                   0x080011f1   Thumb Code    74  sys_stackheap_outer.o(.text)
    __rt_ctype_table                         0x0800123d   Thumb Code    16  rt_ctype_table.o(.text)
    __rt_locale                              0x0800124d   Thumb Code     8  rt_locale_intlibspace.o(.text)
    _printf_fp_infnan                        0x08001255   Thumb Code   112  _printf_fp_infnan.o(.text)
    _btod_etento                             0x080012d5   Thumb Code   216  bigflt0.o(.text)
    exit                                     0x080013b1   Thumb Code    12  exit.o(.text)
    __user_libspace                          0x080013bd   Thumb Code     8  libspace.o(.text)
    __user_perproc_libspace                  0x080013bd   Thumb Code     0  libspace.o(.text)
    __user_perthread_libspace                0x080013bd   Thumb Code     0  libspace.o(.text)
    strcmp                                   0x080013c5   Thumb Code   128  strcmpv7m.o(.text)
    _sys_exit                                0x08001445   Thumb Code     8  sys_exit.o(.text)
    __I$use$semihosting                      0x08001451   Thumb Code     0  use_no_semi.o(.text)
    __use_no_semihosting_swi                 0x08001451   Thumb Code     2  use_no_semi.o(.text)
    __semihosting_library_function           0x08001453   Thumb Code     0  indicate_semi.o(.text)
    _btod_d2e                                0x08001453   Thumb Code    62  btod.o(CL$$btod_d2e)
    _d2e_denorm_low                          0x08001491   Thumb Code    70  btod.o(CL$$btod_d2e_denorm_low)
    _d2e_norm_op1                            0x080014d7   Thumb Code    96  btod.o(CL$$btod_d2e_norm_op1)
    __btod_div_common                        0x08001537   Thumb Code   696  btod.o(CL$$btod_div_common)
    _e2e                                     0x0800186f   Thumb Code   198  btod.o(CL$$btod_e2e)
    _btod_ediv                               0x08001935   Thumb Code    40  btod.o(CL$$btod_ediv)
    _btod_emul                               0x0800195d   Thumb Code    40  btod.o(CL$$btod_emul)
    __btod_mult_common                       0x08001985   Thumb Code   580  btod.o(CL$$btod_mult_common)
    AT24C02_ReadByte                         0x08001bc9   Thumb Code    84  at24c02.o(i.AT24C02_ReadByte)
    AT24C02_ReadData                         0x08001c1d   Thumb Code    36  at24c02.o(i.AT24C02_ReadData)
    AT24C02_ReadOTAInfo                      0x08001c41   Thumb Code    24  at24c02.o(i.AT24C02_ReadOTAInfo)
    AT24C02_WriteOTAInfo                     0x08001c5d   Thumb Code    34  at24c02.o(i.AT24C02_WriteOTAInfo)
    AT24C02_WritePage                        0x08001c85   Thumb Code    84  at24c02.o(i.AT24C02_WritePage)
    BOOT_Branch                              0x08001cd9   Thumb Code    54  boot.o(i.BOOT_Branch)
    BusFault_Handler                         0x08001d3d   Thumb Code     2  stm32f1xx_it.o(i.BusFault_Handler)
    DMA1_Channel5_IRQHandler                 0x08001d41   Thumb Code     6  stm32f1xx_it.o(i.DMA1_Channel5_IRQHandler)
    DebugMon_Handler                         0x08001d79   Thumb Code     2  stm32f1xx_it.o(i.DebugMon_Handler)
    Delay_Us                                 0x08001d7b   Thumb Code    40  delay.o(i.Delay_Us)
    Error_Handler                            0x08001da3   Thumb Code     4  main.o(i.Error_Handler)
    FLASH_ERASE                              0x08001da7   Thumb Code    40  fmc.o(i.FLASH_ERASE)
    FLASH_PageErase                          0x08001df5   Thumb Code    28  stm32f1xx_hal_flash_ex.o(i.FLASH_PageErase)
    FLASH_WRITE                              0x08001e91   Thumb Code    44  fmc.o(i.FLASH_WRITE)
    FLASH_WaitForLastOperation               0x08001ebd   Thumb Code    80  stm32f1xx_hal_flash.o(i.FLASH_WaitForLastOperation)
    HAL_DMA_Abort                            0x08001f11   Thumb Code    70  stm32f1xx_hal_dma.o(i.HAL_DMA_Abort)
    HAL_DMA_Abort_IT                         0x08001f59   Thumb Code   328  stm32f1xx_hal_dma.o(i.HAL_DMA_Abort_IT)
    HAL_DMA_IRQHandler                       0x080020a9   Thumb Code   640  stm32f1xx_hal_dma.o(i.HAL_DMA_IRQHandler)
    HAL_DMA_Init                             0x08002349   Thumb Code   116  stm32f1xx_hal_dma.o(i.HAL_DMA_Init)
    HAL_DMA_Start_IT                         0x080023c9   Thumb Code   116  stm32f1xx_hal_dma.o(i.HAL_DMA_Start_IT)
    HAL_Delay                                0x0800243d   Thumb Code    32  stm32f1xx_hal.o(i.HAL_Delay)
    HAL_FLASHEx_Erase                        0x08002461   Thumb Code   158  stm32f1xx_hal_flash_ex.o(i.HAL_FLASHEx_Erase)
    HAL_FLASH_Lock                           0x08002509   Thumb Code    14  stm32f1xx_hal_flash.o(i.HAL_FLASH_Lock)
    HAL_FLASH_Program                        0x0800251d   Thumb Code   132  stm32f1xx_hal_flash.o(i.HAL_FLASH_Program)
    HAL_FLASH_Unlock                         0x080025a9   Thumb Code    28  stm32f1xx_hal_flash.o(i.HAL_FLASH_Unlock)
    HAL_GPIO_Init                            0x080025d1   Thumb Code   492  stm32f1xx_hal_gpio.o(i.HAL_GPIO_Init)
    HAL_GPIO_ReadPin                         0x080027e5   Thumb Code    14  stm32f1xx_hal_gpio.o(i.HAL_GPIO_ReadPin)
    HAL_GPIO_WritePin                        0x080027f3   Thumb Code    14  stm32f1xx_hal_gpio.o(i.HAL_GPIO_WritePin)
    HAL_GetTick                              0x08002801   Thumb Code     6  stm32f1xx_hal.o(i.HAL_GetTick)
    HAL_IncTick                              0x0800280d   Thumb Code    12  stm32f1xx_hal.o(i.HAL_IncTick)
    HAL_Init                                 0x0800281d   Thumb Code    32  stm32f1xx_hal.o(i.HAL_Init)
    HAL_InitTick                             0x08002841   Thumb Code    58  stm32f1xx_hal.o(i.HAL_InitTick)
    HAL_MspInit                              0x08002885   Thumb Code    52  stm32f1xx_hal_msp.o(i.HAL_MspInit)
    HAL_NVIC_EnableIRQ                       0x080028c1   Thumb Code    26  stm32f1xx_hal_cortex.o(i.HAL_NVIC_EnableIRQ)
    HAL_NVIC_SetPriority                     0x080028dd   Thumb Code    60  stm32f1xx_hal_cortex.o(i.HAL_NVIC_SetPriority)
    HAL_NVIC_SetPriorityGrouping             0x0800291d   Thumb Code    26  stm32f1xx_hal_cortex.o(i.HAL_NVIC_SetPriorityGrouping)
    HAL_RCC_ClockConfig                      0x08002941   Thumb Code   318  stm32f1xx_hal_rcc.o(i.HAL_RCC_ClockConfig)
    HAL_RCC_GetHCLKFreq                      0x08002a95   Thumb Code     6  stm32f1xx_hal_rcc.o(i.HAL_RCC_GetHCLKFreq)
    HAL_RCC_GetPCLK1Freq                     0x08002aa1   Thumb Code    22  stm32f1xx_hal_rcc.o(i.HAL_RCC_GetPCLK1Freq)
    HAL_RCC_GetPCLK2Freq                     0x08002ac1   Thumb Code    22  stm32f1xx_hal_rcc.o(i.HAL_RCC_GetPCLK2Freq)
    HAL_RCC_GetSysClockFreq                  0x08002ae1   Thumb Code    58  stm32f1xx_hal_rcc.o(i.HAL_RCC_GetSysClockFreq)
    HAL_RCC_OscConfig                        0x08002b2d   Thumb Code   882  stm32f1xx_hal_rcc.o(i.HAL_RCC_OscConfig)
    HAL_SPI_TransmitReceive                  0x08002eb1   Thumb Code   502  stm32f1xx_hal_spi.o(i.HAL_SPI_TransmitReceive)
    HAL_SYSTICK_Config                       0x080030a7   Thumb Code    40  stm32f1xx_hal_cortex.o(i.HAL_SYSTICK_Config)
    HAL_UARTEx_RxEventCallback               0x080030cf   Thumb Code     2  stm32f1xx_hal_uart.o(i.HAL_UARTEx_RxEventCallback)
    HAL_UART_DMAStop                         0x080030d1   Thumb Code   112  stm32f1xx_hal_uart.o(i.HAL_UART_DMAStop)
    HAL_UART_ErrorCallback                   0x08003141   Thumb Code     2  stm32f1xx_hal_uart.o(i.HAL_UART_ErrorCallback)
    HAL_UART_IRQHandler                      0x08003145   Thumb Code   554  stm32f1xx_hal_uart.o(i.HAL_UART_IRQHandler)
    HAL_UART_Init                            0x08003375   Thumb Code   102  stm32f1xx_hal_uart.o(i.HAL_UART_Init)
    HAL_UART_MspInit                         0x080033dd   Thumb Code   154  usart.o(i.HAL_UART_MspInit)
    HAL_UART_Receive_DMA                     0x0800348d   Thumb Code    28  stm32f1xx_hal_uart.o(i.HAL_UART_Receive_DMA)
    HAL_UART_RxCpltCallback                  0x080034a9   Thumb Code     2  stm32f1xx_hal_uart.o(i.HAL_UART_RxCpltCallback)
    HAL_UART_RxHalfCpltCallback              0x080034ab   Thumb Code     2  stm32f1xx_hal_uart.o(i.HAL_UART_RxHalfCpltCallback)
    HAL_UART_Transmit                        0x080034ad   Thumb Code   164  stm32f1xx_hal_uart.o(i.HAL_UART_Transmit)
    HAL_UART_TxCpltCallback                  0x08003551   Thumb Code     2  stm32f1xx_hal_uart.o(i.HAL_UART_TxCpltCallback)
    HardFault_Handler                        0x08003553   Thumb Code     2  stm32f1xx_it.o(i.HardFault_Handler)
    IIC_Init                                 0x08003555   Thumb Code    92  iic.o(i.IIC_Init)
    IIC_Read_Byte                            0x080035b9   Thumb Code   206  iic.o(i.IIC_Read_Byte)
    IIC_Send_Byte                            0x0800368d   Thumb Code   114  iic.o(i.IIC_Send_Byte)
    IIC_Start                                0x08003705   Thumb Code    64  iic.o(i.IIC_Start)
    IIC_Stop                                 0x08003749   Thumb Code    54  iic.o(i.IIC_Stop)
    IIC_Wait_Ack                             0x08003785   Thumb Code    94  iic.o(i.IIC_Wait_Ack)
    LOAD_A                                   0x080037e9   Thumb Code    44  boot.o(i.LOAD_A)
    MX_DMA_Init                              0x08003829   Thumb Code    40  dma.o(i.MX_DMA_Init)
    MX_GPIO_Init                             0x08003855   Thumb Code    38  gpio.o(i.MX_GPIO_Init)
    MX_USART1_UART_Init                      0x08003881   Thumb Code    48  usart.o(i.MX_USART1_UART_Init)
    MemManage_Handler                        0x080038b9   Thumb Code     2  stm32f1xx_it.o(i.MemManage_Handler)
    NMI_Handler                              0x080038bb   Thumb Code     2  stm32f1xx_it.o(i.NMI_Handler)
    PendSV_Handler                           0x080038bd   Thumb Code     2  stm32f1xx_it.o(i.PendSV_Handler)
    SPI1_Read                                0x080038e5   Thumb Code    28  spi.o(i.SPI1_Read)
    SPI1_ReadWriteByte                       0x08003901   Thumb Code    28  spi.o(i.SPI1_ReadWriteByte)
    SPI1_Write                               0x08003921   Thumb Code    26  spi.o(i.SPI1_Write)
    SVC_Handler                              0x08003a1d   Thumb Code     2  stm32f1xx_it.o(i.SVC_Handler)
    SysTick_Handler                          0x08003a1f   Thumb Code     4  stm32f1xx_it.o(i.SysTick_Handler)
    SystemClock_Config                       0x08003a23   Thumb Code    94  main.o(i.SystemClock_Config)
    SystemInit                               0x08003a81   Thumb Code     2  system_stm32f1xx.o(i.SystemInit)
    U0Rx_PtrInit                             0x08003a85   Thumb Code    26  usart.o(i.U0Rx_PtrInit)
    UART_Start_Receive_DMA                   0x08003da9   Thumb Code   134  stm32f1xx_hal_uart.o(i.UART_Start_Receive_DMA)
    USART1_IRQHandler                        0x08003f11   Thumb Code   122  stm32f1xx_it.o(i.USART1_IRQHandler)
    UsageFault_Handler                       0x08003fa1   Thumb Code     2  stm32f1xx_it.o(i.UsageFault_Handler)
    W25Q64_Read                              0x08003fa5   Thumb Code    72  w25q64.o(i.W25Q64_Read)
    W25Q64_WaitBusy                          0x08003ff1   Thumb Code    44  w25q64.o(i.W25Q64_WaitBusy)
    __ARM_fpclassify                         0x08004021   Thumb Code    40  fpclassify.o(i.__ARM_fpclassify)
    _is_digit                                0x08004069   Thumb Code    14  __printf_wp.o(i._is_digit)
    main                                     0x08004079   Thumb Code   330  main.o(i.main)
    u0_printf                                0x08004205   Thumb Code    88  usart.o(i.u0_printf)
    _get_lc_numeric                          0x08004265   Thumb Code    44  lc_numeric_c.o(locale$$code)
    _get_lc_ctype                            0x08004291   Thumb Code    44  lc_ctype_c.o(locale$$code)
    _printf_fp_dec                           0x080042bd   Thumb Code     4  printf1.o(x$fpl$printf1)
    _printf_fp_hex                           0x080042c1   Thumb Code     4  printf2.o(x$fpl$printf2)
    __I$use$fp                               0x080042c4   Number         0  usenofp.o(x$fpl$usenofp)
    AHBPrescTable                            0x080042d6   Data          16  system_stm32f1xx.o(.constdata)
    APBPrescTable                            0x080042e6   Data           8  system_stm32f1xx.o(.constdata)
    Region$$Table$$Base                      0x080043ec   Number         0  anon$$obj.o(Region$$Table)
    Region$$Table$$Limit                     0x0800440c   Number         0  anon$$obj.o(Region$$Table)
    __ctype                                  0x08004435   Data           0  lc_ctype_c.o(locale$$data)
    BootStateFlag                            0x20000000   Data           4  main.o(.data)
    load_A                                   0x20000004   Data           4  boot.o(.data)
    uwTickFreq                               0x20000008   Data           1  stm32f1xx_hal.o(.data)
    uwTickPrio                               0x2000000c   Data           4  stm32f1xx_hal.o(.data)
    uwTick                                   0x20000010   Data           4  stm32f1xx_hal.o(.data)
    SystemCoreClock                          0x20000014   Data           4  system_stm32f1xx.o(.data)
    OTA_Info                                 0x20000018   Data          48  main.o(.bss)
    UpDataA                                  0x20000048   Data        2052  main.o(.bss)
    rbuff                                    0x2000084c   Data          50  main.o(.bss)
    hspi1                                    0x20000880   Data          88  spi.o(.bss)
    U0_RxBuff                                0x200008d8   Data        2048  usart.o(.bss)
    U0_TxBuff                                0x200010d8   Data        2048  usart.o(.bss)
    U0CB                                     0x200018d8   Data          96  usart.o(.bss)
    huart1                                   0x20001938   Data          72  usart.o(.bss)
    hdma_usart1_rx                           0x20001980   Data          68  usart.o(.bss)
    pFlash                                   0x200019c8   Data          32  stm32f1xx_hal_flash.o(.bss)
    __libspace_start                         0x200019e8   Data          96  libspace.o(.bss)
    __temporary_stack_top$libspace           0x20001a48   Data           0  libspace.o(.bss)



==============================================================================

Memory Map of the image

  Image Entry point : 0x08000131

  Load Region LR_IROM1 (Base: 0x08000000, Size: 0x00004550, Max: 0x00040000, ABSOLUTE)

    Execution Region ER_IROM1 (Exec base: 0x08000000, Load base: 0x08000000, Size: 0x00004538, Max: 0x00040000, ABSOLUTE)

    Exec Addr    Load Addr    Size         Type   Attr      Idx    E Section Name        Object

    0x08000000   0x08000000   0x00000130   Data   RO            3    RESET               startup_stm32f103xe.o
    0x08000130   0x08000130   0x00000008   Code   RO         2546  * !!!main             c_w.l(__main.o)
    0x08000138   0x08000138   0x00000034   Code   RO         2866    !!!scatter          c_w.l(__scatter.o)
    0x0800016c   0x0800016c   0x0000001a   Code   RO         2868    !!handler_copy      c_w.l(__scatter_copy.o)
    0x08000186   0x08000186   0x00000002   PAD
    0x08000188   0x08000188   0x0000001c   Code   RO         2870    !!handler_zi        c_w.l(__scatter_zi.o)
    0x080001a4   0x080001a4   0x00000000   Code   RO         2630    .ARM.Collect$$_printf_percent$$00000000  c_w.l(_printf_percent.o)
    0x080001a4   0x080001a4   0x00000006   Code   RO         2619    .ARM.Collect$$_printf_percent$$00000001  c_w.l(_printf_n.o)
    0x080001aa   0x080001aa   0x00000006   Code   RO         2621    .ARM.Collect$$_printf_percent$$00000002  c_w.l(_printf_p.o)
    0x080001b0   0x080001b0   0x00000006   Code   RO         2626    .ARM.Collect$$_printf_percent$$00000003  c_w.l(_printf_f.o)
    0x080001b6   0x080001b6   0x00000006   Code   RO         2627    .ARM.Collect$$_printf_percent$$00000004  c_w.l(_printf_e.o)
    0x080001bc   0x080001bc   0x00000006   Code   RO         2628    .ARM.Collect$$_printf_percent$$00000005  c_w.l(_printf_g.o)
    0x080001c2   0x080001c2   0x00000006   Code   RO         2629    .ARM.Collect$$_printf_percent$$00000006  c_w.l(_printf_a.o)
    0x080001c8   0x080001c8   0x0000000a   Code   RO         2634    .ARM.Collect$$_printf_percent$$00000007  c_w.l(_printf_ll.o)
    0x080001d2   0x080001d2   0x00000006   Code   RO         2623    .ARM.Collect$$_printf_percent$$00000008  c_w.l(_printf_i.o)
    0x080001d8   0x080001d8   0x00000006   Code   RO         2624    .ARM.Collect$$_printf_percent$$00000009  c_w.l(_printf_d.o)
    0x080001de   0x080001de   0x00000006   Code   RO         2625    .ARM.Collect$$_printf_percent$$0000000A  c_w.l(_printf_u.o)
    0x080001e4   0x080001e4   0x00000006   Code   RO         2622    .ARM.Collect$$_printf_percent$$0000000B  c_w.l(_printf_o.o)
    0x080001ea   0x080001ea   0x00000006   Code   RO         2620    .ARM.Collect$$_printf_percent$$0000000C  c_w.l(_printf_x.o)
    0x080001f0   0x080001f0   0x00000006   Code   RO         2631    .ARM.Collect$$_printf_percent$$0000000D  c_w.l(_printf_lli.o)
    0x080001f6   0x080001f6   0x00000006   Code   RO         2632    .ARM.Collect$$_printf_percent$$0000000E  c_w.l(_printf_lld.o)
    0x080001fc   0x080001fc   0x00000006   Code   RO         2633    .ARM.Collect$$_printf_percent$$0000000F  c_w.l(_printf_llu.o)
    0x08000202   0x08000202   0x00000006   Code   RO         2638    .ARM.Collect$$_printf_percent$$00000010  c_w.l(_printf_llo.o)
    0x08000208   0x08000208   0x00000006   Code   RO         2639    .ARM.Collect$$_printf_percent$$00000011  c_w.l(_printf_llx.o)
    0x0800020e   0x0800020e   0x0000000a   Code   RO         2635    .ARM.Collect$$_printf_percent$$00000012  c_w.l(_printf_l.o)
    0x08000218   0x08000218   0x00000006   Code   RO         2617    .ARM.Collect$$_printf_percent$$00000013  c_w.l(_printf_c.o)
    0x0800021e   0x0800021e   0x00000006   Code   RO         2618    .ARM.Collect$$_printf_percent$$00000014  c_w.l(_printf_s.o)
    0x08000224   0x08000224   0x00000006   Code   RO         2636    .ARM.Collect$$_printf_percent$$00000015  c_w.l(_printf_lc.o)
    0x0800022a   0x0800022a   0x00000006   Code   RO         2637    .ARM.Collect$$_printf_percent$$00000016  c_w.l(_printf_ls.o)
    0x08000230   0x08000230   0x00000004   Code   RO         2678    .ARM.Collect$$_printf_percent$$00000017  c_w.l(_printf_percent_end.o)
    0x08000234   0x08000234   0x00000002   Code   RO         2727    .ARM.Collect$$libinit$$00000000  c_w.l(libinit.o)
    0x08000236   0x08000236   0x00000000   Code   RO         2744    .ARM.Collect$$libinit$$00000002  c_w.l(libinit2.o)
    0x08000236   0x08000236   0x00000000   Code   RO         2746    .ARM.Collect$$libinit$$00000004  c_w.l(libinit2.o)
    0x08000236   0x08000236   0x00000000   Code   RO         2749    .ARM.Collect$$libinit$$0000000A  c_w.l(libinit2.o)
    0x08000236   0x08000236   0x00000000   Code   RO         2751    .ARM.Collect$$libinit$$0000000C  c_w.l(libinit2.o)
    0x08000236   0x08000236   0x00000000   Code   RO         2753    .ARM.Collect$$libinit$$0000000E  c_w.l(libinit2.o)
    0x08000236   0x08000236   0x00000006   Code   RO         2754    .ARM.Collect$$libinit$$0000000F  c_w.l(libinit2.o)
    0x0800023c   0x0800023c   0x00000000   Code   RO         2756    .ARM.Collect$$libinit$$00000011  c_w.l(libinit2.o)
    0x0800023c   0x0800023c   0x0000000c   Code   RO         2757    .ARM.Collect$$libinit$$00000012  c_w.l(libinit2.o)
    0x08000248   0x08000248   0x00000000   Code   RO         2758    .ARM.Collect$$libinit$$00000013  c_w.l(libinit2.o)
    0x08000248   0x08000248   0x00000000   Code   RO         2760    .ARM.Collect$$libinit$$00000015  c_w.l(libinit2.o)
    0x08000248   0x08000248   0x0000000a   Code   RO         2761    .ARM.Collect$$libinit$$00000016  c_w.l(libinit2.o)
    0x08000252   0x08000252   0x00000000   Code   RO         2762    .ARM.Collect$$libinit$$00000017  c_w.l(libinit2.o)
    0x08000252   0x08000252   0x00000000   Code   RO         2764    .ARM.Collect$$libinit$$00000019  c_w.l(libinit2.o)
    0x08000252   0x08000252   0x00000000   Code   RO         2766    .ARM.Collect$$libinit$$0000001B  c_w.l(libinit2.o)
    0x08000252   0x08000252   0x00000000   Code   RO         2768    .ARM.Collect$$libinit$$0000001D  c_w.l(libinit2.o)
    0x08000252   0x08000252   0x00000000   Code   RO         2770    .ARM.Collect$$libinit$$0000001F  c_w.l(libinit2.o)
    0x08000252   0x08000252   0x00000000   Code   RO         2772    .ARM.Collect$$libinit$$00000021  c_w.l(libinit2.o)
    0x08000252   0x08000252   0x00000000   Code   RO         2774    .ARM.Collect$$libinit$$00000023  c_w.l(libinit2.o)
    0x08000252   0x08000252   0x00000000   Code   RO         2776    .ARM.Collect$$libinit$$00000025  c_w.l(libinit2.o)
    0x08000252   0x08000252   0x00000000   Code   RO         2780    .ARM.Collect$$libinit$$0000002C  c_w.l(libinit2.o)
    0x08000252   0x08000252   0x00000000   Code   RO         2782    .ARM.Collect$$libinit$$0000002E  c_w.l(libinit2.o)
    0x08000252   0x08000252   0x00000000   Code   RO         2784    .ARM.Collect$$libinit$$00000030  c_w.l(libinit2.o)
    0x08000252   0x08000252   0x00000000   Code   RO         2786    .ARM.Collect$$libinit$$00000032  c_w.l(libinit2.o)
    0x08000252   0x08000252   0x00000002   Code   RO         2787    .ARM.Collect$$libinit$$00000033  c_w.l(libinit2.o)
    0x08000254   0x08000254   0x00000002   Code   RO         2807    .ARM.Collect$$libshutdown$$00000000  c_w.l(libshutdown.o)
    0x08000256   0x08000256   0x00000000   Code   RO         2821    .ARM.Collect$$libshutdown$$00000003  c_w.l(libshutdown2.o)
    0x08000256   0x08000256   0x00000000   Code   RO         2824    .ARM.Collect$$libshutdown$$00000006  c_w.l(libshutdown2.o)
    0x08000256   0x08000256   0x00000000   Code   RO         2827    .ARM.Collect$$libshutdown$$00000009  c_w.l(libshutdown2.o)
    0x08000256   0x08000256   0x00000000   Code   RO         2829    .ARM.Collect$$libshutdown$$0000000B  c_w.l(libshutdown2.o)
    0x08000256   0x08000256   0x00000000   Code   RO         2832    .ARM.Collect$$libshutdown$$0000000E  c_w.l(libshutdown2.o)
    0x08000256   0x08000256   0x00000002   Code   RO         2833    .ARM.Collect$$libshutdown$$0000000F  c_w.l(libshutdown2.o)
    0x08000258   0x08000258   0x00000000   Code   RO         2548    .ARM.Collect$$rtentry$$00000000  c_w.l(__rtentry.o)
    0x08000258   0x08000258   0x00000000   Code   RO         2649    .ARM.Collect$$rtentry$$00000002  c_w.l(__rtentry2.o)
    0x08000258   0x08000258   0x00000006   Code   RO         2661    .ARM.Collect$$rtentry$$00000004  c_w.l(__rtentry4.o)
    0x0800025e   0x0800025e   0x00000000   Code   RO         2651    .ARM.Collect$$rtentry$$00000009  c_w.l(__rtentry2.o)
    0x0800025e   0x0800025e   0x00000004   Code   RO         2652    .ARM.Collect$$rtentry$$0000000A  c_w.l(__rtentry2.o)
    0x08000262   0x08000262   0x00000000   Code   RO         2654    .ARM.Collect$$rtentry$$0000000C  c_w.l(__rtentry2.o)
    0x08000262   0x08000262   0x00000008   Code   RO         2655    .ARM.Collect$$rtentry$$0000000D  c_w.l(__rtentry2.o)
    0x0800026a   0x0800026a   0x00000002   Code   RO         2736    .ARM.Collect$$rtexit$$00000000  c_w.l(rtexit.o)
    0x0800026c   0x0800026c   0x00000000   Code   RO         2789    .ARM.Collect$$rtexit$$00000002  c_w.l(rtexit2.o)
    0x0800026c   0x0800026c   0x00000004   Code   RO         2790    .ARM.Collect$$rtexit$$00000003  c_w.l(rtexit2.o)
    0x08000270   0x08000270   0x00000006   Code   RO         2791    .ARM.Collect$$rtexit$$00000004  c_w.l(rtexit2.o)
    0x08000276   0x08000276   0x00000002   PAD
    0x08000278   0x08000278   0x00000006   Code   RO          692    .emb_text           boot.o
    0x0800027e   0x0800027e   0x00000002   PAD
    0x08000280   0x08000280   0x00000040   Code   RO            4    .text               startup_stm32f103xe.o
    0x080002c0   0x080002c0   0x00000026   Code   RO         2536    .text               c_w.l(llushr.o)
    0x080002e6   0x080002e6   0x00000002   PAD
    0x080002e8   0x080002e8   0x00000024   Code   RO         2538    .text               c_w.l(vsprintf.o)
    0x0800030c   0x0800030c   0x0000003e   Code   RO         2540    .text               c_w.l(strlen.o)
    0x0800034a   0x0800034a   0x0000004e   Code   RO         2542    .text               c_w.l(rt_memclr_w.o)
    0x08000398   0x08000398   0x00000006   Code   RO         2544    .text               c_w.l(heapauxi.o)
    0x0800039e   0x0800039e   0x0000004e   Code   RO         2551    .text               c_w.l(_printf_pad.o)
    0x080003ec   0x080003ec   0x00000024   Code   RO         2553    .text               c_w.l(_printf_truncate.o)
    0x08000410   0x08000410   0x00000052   Code   RO         2555    .text               c_w.l(_printf_str.o)
    0x08000462   0x08000462   0x00000002   PAD
    0x08000464   0x08000464   0x00000078   Code   RO         2557    .text               c_w.l(_printf_dec.o)
    0x080004dc   0x080004dc   0x00000028   Code   RO         2559    .text               c_w.l(_printf_charcount.o)
    0x08000504   0x08000504   0x00000030   Code   RO         2561    .text               c_w.l(_printf_char_common.o)
    0x08000534   0x08000534   0x0000000a   Code   RO         2563    .text               c_w.l(_sputc.o)
    0x0800053e   0x0800053e   0x00000002   PAD
    0x08000540   0x08000540   0x000000bc   Code   RO         2565    .text               c_w.l(_printf_wctomb.o)
    0x080005fc   0x080005fc   0x0000007c   Code   RO         2568    .text               c_w.l(_printf_longlong_dec.o)
    0x08000678   0x08000678   0x00000070   Code   RO         2574    .text               c_w.l(_printf_oct_int_ll.o)
    0x080006e8   0x080006e8   0x00000094   Code   RO         2594    .text               c_w.l(_printf_hex_int_ll_ptr.o)
    0x0800077c   0x0800077c   0x00000188   Code   RO         2614    .text               c_w.l(__printf_flags_ss_wp.o)
    0x08000904   0x08000904   0x0000008a   Code   RO         2663    .text               c_w.l(lludiv10.o)
    0x0800098e   0x0800098e   0x000000b2   Code   RO         2665    .text               c_w.l(_printf_intcommon.o)
    0x08000a40   0x08000a40   0x0000041a   Code   RO         2667    .text               c_w.l(_printf_fp_dec.o)
    0x08000e5a   0x08000e5a   0x00000002   PAD
    0x08000e5c   0x08000e5c   0x000002fc   Code   RO         2669    .text               c_w.l(_printf_fp_hex.o)
    0x08001158   0x08001158   0x0000002c   Code   RO         2674    .text               c_w.l(_printf_char.o)
    0x08001184   0x08001184   0x0000002c   Code   RO         2676    .text               c_w.l(_printf_wchar.o)
    0x080011b0   0x080011b0   0x00000040   Code   RO         2679    .text               c_w.l(_wcrtomb.o)
    0x080011f0   0x080011f0   0x0000004a   Code   RO         2681    .text               c_w.l(sys_stackheap_outer.o)
    0x0800123a   0x0800123a   0x00000002   PAD
    0x0800123c   0x0800123c   0x00000010   Code   RO         2683    .text               c_w.l(rt_ctype_table.o)
    0x0800124c   0x0800124c   0x00000008   Code   RO         2688    .text               c_w.l(rt_locale_intlibspace.o)
    0x08001254   0x08001254   0x00000080   Code   RO         2690    .text               c_w.l(_printf_fp_infnan.o)
    0x080012d4   0x080012d4   0x000000dc   Code   RO         2692    .text               c_w.l(bigflt0.o)
    0x080013b0   0x080013b0   0x0000000c   Code   RO         2720    .text               c_w.l(exit.o)
    0x080013bc   0x080013bc   0x00000008   Code   RO         2733    .text               c_w.l(libspace.o)
    0x080013c4   0x080013c4   0x00000080   Code   RO         2741    .text               c_w.l(strcmpv7m.o)
    0x08001444   0x08001444   0x0000000c   Code   RO         2799    .text               c_w.l(sys_exit.o)
    0x08001450   0x08001450   0x00000002   Code   RO         2810    .text               c_w.l(use_no_semi.o)
    0x08001452   0x08001452   0x00000000   Code   RO         2812    .text               c_w.l(indicate_semi.o)
    0x08001452   0x08001452   0x0000003e   Code   RO         2695    CL$$btod_d2e        c_w.l(btod.o)
    0x08001490   0x08001490   0x00000046   Code   RO         2697    CL$$btod_d2e_denorm_low  c_w.l(btod.o)
    0x080014d6   0x080014d6   0x00000060   Code   RO         2696    CL$$btod_d2e_norm_op1  c_w.l(btod.o)
    0x08001536   0x08001536   0x00000338   Code   RO         2705    CL$$btod_div_common  c_w.l(btod.o)
    0x0800186e   0x0800186e   0x000000c6   Code   RO         2702    CL$$btod_e2e        c_w.l(btod.o)
    0x08001934   0x08001934   0x00000028   Code   RO         2699    CL$$btod_ediv       c_w.l(btod.o)
    0x0800195c   0x0800195c   0x00000028   Code   RO         2698    CL$$btod_emul       c_w.l(btod.o)
    0x08001984   0x08001984   0x00000244   Code   RO         2704    CL$$btod_mult_common  c_w.l(btod.o)
    0x08001bc8   0x08001bc8   0x00000054   Code   RO          189    i.AT24C02_ReadByte  at24c02.o
    0x08001c1c   0x08001c1c   0x00000024   Code   RO          190    i.AT24C02_ReadData  at24c02.o
    0x08001c40   0x08001c40   0x0000001c   Code   RO          191    i.AT24C02_ReadOTAInfo  at24c02.o
    0x08001c5c   0x08001c5c   0x00000028   Code   RO          192    i.AT24C02_WriteOTAInfo  at24c02.o
    0x08001c84   0x08001c84   0x00000054   Code   RO          193    i.AT24C02_WritePage  at24c02.o
    0x08001cd8   0x08001cd8   0x00000064   Code   RO          693    i.BOOT_Branch       boot.o
    0x08001d3c   0x08001d3c   0x00000002   Code   RO          496    i.BusFault_Handler  stm32f1xx_it.o
    0x08001d3e   0x08001d3e   0x00000002   PAD
    0x08001d40   0x08001d40   0x0000000c   Code   RO          497    i.DMA1_Channel5_IRQHandler  stm32f1xx_it.o
    0x08001d4c   0x08001d4c   0x0000002c   Code   RO         1472    i.DMA_SetConfig     stm32f1xx_hal_dma.o
    0x08001d78   0x08001d78   0x00000002   Code   RO          498    i.DebugMon_Handler  stm32f1xx_it.o
    0x08001d7a   0x08001d7a   0x00000028   Code   RO          160    i.Delay_Us          delay.o
    0x08001da2   0x08001da2   0x00000004   Code   RO          249    i.Error_Handler     main.o
    0x08001da6   0x08001da6   0x00000028   Code   RO          662    i.FLASH_ERASE       fmc.o
    0x08001dce   0x08001dce   0x00000002   PAD
    0x08001dd0   0x08001dd0   0x00000024   Code   RO         1912    i.FLASH_MassErase   stm32f1xx_hal_flash_ex.o
    0x08001df4   0x08001df4   0x00000024   Code   RO         1921    i.FLASH_PageErase   stm32f1xx_hal_flash_ex.o
    0x08001e18   0x08001e18   0x0000001c   Code   RO         1809    i.FLASH_Program_HalfWord  stm32f1xx_hal_flash.o
    0x08001e34   0x08001e34   0x0000005c   Code   RO         1810    i.FLASH_SetErrorCode  stm32f1xx_hal_flash.o
    0x08001e90   0x08001e90   0x0000002c   Code   RO          663    i.FLASH_WRITE       fmc.o
    0x08001ebc   0x08001ebc   0x00000054   Code   RO         1811    i.FLASH_WaitForLastOperation  stm32f1xx_hal_flash.o
    0x08001f10   0x08001f10   0x00000046   Code   RO         1473    i.HAL_DMA_Abort     stm32f1xx_hal_dma.o
    0x08001f56   0x08001f56   0x00000002   PAD
    0x08001f58   0x08001f58   0x00000150   Code   RO         1474    i.HAL_DMA_Abort_IT  stm32f1xx_hal_dma.o
    0x080020a8   0x080020a8   0x000002a0   Code   RO         1478    i.HAL_DMA_IRQHandler  stm32f1xx_hal_dma.o
    0x08002348   0x08002348   0x00000080   Code   RO         1479    i.HAL_DMA_Init      stm32f1xx_hal_dma.o
    0x080023c8   0x080023c8   0x00000074   Code   RO         1483    i.HAL_DMA_Start_IT  stm32f1xx_hal_dma.o
    0x0800243c   0x0800243c   0x00000024   Code   RO         1094    i.HAL_Delay         stm32f1xx_hal.o
    0x08002460   0x08002460   0x000000a8   Code   RO         1922    i.HAL_FLASHEx_Erase  stm32f1xx_hal_flash_ex.o
    0x08002508   0x08002508   0x00000014   Code   RO         1815    i.HAL_FLASH_Lock    stm32f1xx_hal_flash.o
    0x0800251c   0x0800251c   0x0000008c   Code   RO         1820    i.HAL_FLASH_Program  stm32f1xx_hal_flash.o
    0x080025a8   0x080025a8   0x00000028   Code   RO         1822    i.HAL_FLASH_Unlock  stm32f1xx_hal_flash.o
    0x080025d0   0x080025d0   0x00000214   Code   RO         1409    i.HAL_GPIO_Init     stm32f1xx_hal_gpio.o
    0x080027e4   0x080027e4   0x0000000e   Code   RO         1411    i.HAL_GPIO_ReadPin  stm32f1xx_hal_gpio.o
    0x080027f2   0x080027f2   0x0000000e   Code   RO         1413    i.HAL_GPIO_WritePin  stm32f1xx_hal_gpio.o
    0x08002800   0x08002800   0x0000000c   Code   RO         1098    i.HAL_GetTick       stm32f1xx_hal.o
    0x0800280c   0x0800280c   0x00000010   Code   RO         1104    i.HAL_IncTick       stm32f1xx_hal.o
    0x0800281c   0x0800281c   0x00000024   Code   RO         1105    i.HAL_Init          stm32f1xx_hal.o
    0x08002840   0x08002840   0x00000044   Code   RO         1106    i.HAL_InitTick      stm32f1xx_hal.o
    0x08002884   0x08002884   0x0000003c   Code   RO          584    i.HAL_MspInit       stm32f1xx_hal_msp.o
    0x080028c0   0x080028c0   0x0000001a   Code   RO         1569    i.HAL_NVIC_EnableIRQ  stm32f1xx_hal_cortex.o
    0x080028da   0x080028da   0x00000002   PAD
    0x080028dc   0x080028dc   0x00000040   Code   RO         1575    i.HAL_NVIC_SetPriority  stm32f1xx_hal_cortex.o
    0x0800291c   0x0800291c   0x00000024   Code   RO         1576    i.HAL_NVIC_SetPriorityGrouping  stm32f1xx_hal_cortex.o
    0x08002940   0x08002940   0x00000154   Code   RO         1262    i.HAL_RCC_ClockConfig  stm32f1xx_hal_rcc.o
    0x08002a94   0x08002a94   0x0000000c   Code   RO         1267    i.HAL_RCC_GetHCLKFreq  stm32f1xx_hal_rcc.o
    0x08002aa0   0x08002aa0   0x00000020   Code   RO         1269    i.HAL_RCC_GetPCLK1Freq  stm32f1xx_hal_rcc.o
    0x08002ac0   0x08002ac0   0x00000020   Code   RO         1270    i.HAL_RCC_GetPCLK2Freq  stm32f1xx_hal_rcc.o
    0x08002ae0   0x08002ae0   0x0000004c   Code   RO         1271    i.HAL_RCC_GetSysClockFreq  stm32f1xx_hal_rcc.o
    0x08002b2c   0x08002b2c   0x00000384   Code   RO         1274    i.HAL_RCC_OscConfig  stm32f1xx_hal_rcc.o
    0x08002eb0   0x08002eb0   0x000001f6   Code   RO          785    i.HAL_SPI_TransmitReceive  stm32f1xx_hal_spi.o
    0x080030a6   0x080030a6   0x00000028   Code   RO         1580    i.HAL_SYSTICK_Config  stm32f1xx_hal_cortex.o
    0x080030ce   0x080030ce   0x00000002   Code   RO         2138    i.HAL_UARTEx_RxEventCallback  stm32f1xx_hal_uart.o
    0x080030d0   0x080030d0   0x00000070   Code   RO         2150    i.HAL_UART_DMAStop  stm32f1xx_hal_uart.o
    0x08003140   0x08003140   0x00000002   Code   RO         2152    i.HAL_UART_ErrorCallback  stm32f1xx_hal_uart.o
    0x08003142   0x08003142   0x00000002   PAD
    0x08003144   0x08003144   0x00000230   Code   RO         2155    i.HAL_UART_IRQHandler  stm32f1xx_hal_uart.o
    0x08003374   0x08003374   0x00000066   Code   RO         2156    i.HAL_UART_Init     stm32f1xx_hal_uart.o
    0x080033da   0x080033da   0x00000002   PAD
    0x080033dc   0x080033dc   0x000000b0   Code   RO          436    i.HAL_UART_MspInit  usart.o
    0x0800348c   0x0800348c   0x0000001c   Code   RO         2160    i.HAL_UART_Receive_DMA  stm32f1xx_hal_uart.o
    0x080034a8   0x080034a8   0x00000002   Code   RO         2162    i.HAL_UART_RxCpltCallback  stm32f1xx_hal_uart.o
    0x080034aa   0x080034aa   0x00000002   Code   RO         2163    i.HAL_UART_RxHalfCpltCallback  stm32f1xx_hal_uart.o
    0x080034ac   0x080034ac   0x000000a4   Code   RO         2164    i.HAL_UART_Transmit  stm32f1xx_hal_uart.o
    0x08003550   0x08003550   0x00000002   Code   RO         2167    i.HAL_UART_TxCpltCallback  stm32f1xx_hal_uart.o
    0x08003552   0x08003552   0x00000002   Code   RO          499    i.HardFault_Handler  stm32f1xx_it.o
    0x08003554   0x08003554   0x00000064   Code   RO           13    i.IIC_Init          iic.o
    0x080035b8   0x080035b8   0x000000d4   Code   RO           14    i.IIC_Read_Byte     iic.o
    0x0800368c   0x0800368c   0x00000078   Code   RO           15    i.IIC_Send_Byte     iic.o
    0x08003704   0x08003704   0x00000044   Code   RO           16    i.IIC_Start         iic.o
    0x08003748   0x08003748   0x0000003c   Code   RO           17    i.IIC_Stop          iic.o
    0x08003784   0x08003784   0x00000064   Code   RO           18    i.IIC_Wait_Ack      iic.o
    0x080037e8   0x080037e8   0x00000040   Code   RO          694    i.LOAD_A            boot.o
    0x08003828   0x08003828   0x0000002c   Code   RO          351    i.MX_DMA_Init       dma.o
    0x08003854   0x08003854   0x0000002c   Code   RO          327    i.MX_GPIO_Init      gpio.o
    0x08003880   0x08003880   0x00000038   Code   RO          437    i.MX_USART1_UART_Init  usart.o
    0x080038b8   0x080038b8   0x00000002   Code   RO          500    i.MemManage_Handler  stm32f1xx_it.o
    0x080038ba   0x080038ba   0x00000002   Code   RO          501    i.NMI_Handler       stm32f1xx_it.o
    0x080038bc   0x080038bc   0x00000002   Code   RO          502    i.PendSV_Handler    stm32f1xx_it.o
    0x080038be   0x080038be   0x00000002   PAD
    0x080038c0   0x080038c0   0x00000024   Code   RO         1275    i.RCC_Delay         stm32f1xx_hal_rcc.o
    0x080038e4   0x080038e4   0x0000001c   Code   RO          378    i.SPI1_Read         spi.o
    0x08003900   0x08003900   0x00000020   Code   RO          379    i.SPI1_ReadWriteByte  spi.o
    0x08003920   0x08003920   0x0000001a   Code   RO          380    i.SPI1_Write        spi.o
    0x0800393a   0x0800393a   0x00000024   Code   RO          814    i.SPI_EndRxTxTransaction  stm32f1xx_hal_spi.o
    0x0800395e   0x0800395e   0x00000002   PAD
    0x08003960   0x08003960   0x000000bc   Code   RO          819    i.SPI_WaitFlagStateUntilTimeout  stm32f1xx_hal_spi.o
    0x08003a1c   0x08003a1c   0x00000002   Code   RO          503    i.SVC_Handler       stm32f1xx_it.o
    0x08003a1e   0x08003a1e   0x00000004   Code   RO          504    i.SysTick_Handler   stm32f1xx_it.o
    0x08003a22   0x08003a22   0x0000005e   Code   RO          250    i.SystemClock_Config  main.o
    0x08003a80   0x08003a80   0x00000002   Code   RO         2500    i.SystemInit        system_stm32f1xx.o
    0x08003a82   0x08003a82   0x00000002   PAD
    0x08003a84   0x08003a84   0x00000020   Code   RO          438    i.U0Rx_PtrInit      usart.o
    0x08003aa4   0x08003aa4   0x00000010   Code   RO         2169    i.UART_DMAAbortOnError  stm32f1xx_hal_uart.o
    0x08003ab4   0x08003ab4   0x0000004a   Code   RO         2170    i.UART_DMAError     stm32f1xx_hal_uart.o
    0x08003afe   0x08003afe   0x00000086   Code   RO         2171    i.UART_DMAReceiveCplt  stm32f1xx_hal_uart.o
    0x08003b84   0x08003b84   0x0000001e   Code   RO         2173    i.UART_DMARxHalfCplt  stm32f1xx_hal_uart.o
    0x08003ba2   0x08003ba2   0x0000004e   Code   RO         2179    i.UART_EndRxTransfer  stm32f1xx_hal_uart.o
    0x08003bf0   0x08003bf0   0x0000001a   Code   RO         2180    i.UART_EndTransmit_IT  stm32f1xx_hal_uart.o
    0x08003c0a   0x08003c0a   0x0000001c   Code   RO         2181    i.UART_EndTxTransfer  stm32f1xx_hal_uart.o
    0x08003c26   0x08003c26   0x000000c8   Code   RO         2182    i.UART_Receive_IT   stm32f1xx_hal_uart.o
    0x08003cee   0x08003cee   0x00000002   PAD
    0x08003cf0   0x08003cf0   0x000000b8   Code   RO         2183    i.UART_SetConfig    stm32f1xx_hal_uart.o
    0x08003da8   0x08003da8   0x00000094   Code   RO         2184    i.UART_Start_Receive_DMA  stm32f1xx_hal_uart.o
    0x08003e3c   0x08003e3c   0x0000005e   Code   RO         2186    i.UART_Transmit_IT  stm32f1xx_hal_uart.o
    0x08003e9a   0x08003e9a   0x00000074   Code   RO         2187    i.UART_WaitOnFlagUntilTimeout  stm32f1xx_hal_uart.o
    0x08003f0e   0x08003f0e   0x00000002   PAD
    0x08003f10   0x08003f10   0x00000090   Code   RO          505    i.USART1_IRQHandler  stm32f1xx_it.o
    0x08003fa0   0x08003fa0   0x00000002   Code   RO          506    i.UsageFault_Handler  stm32f1xx_it.o
    0x08003fa2   0x08003fa2   0x00000002   PAD
    0x08003fa4   0x08003fa4   0x0000004c   Code   RO          611    i.W25Q64_Read       w25q64.o
    0x08003ff0   0x08003ff0   0x00000030   Code   RO          612    i.W25Q64_WaitBusy   w25q64.o
    0x08004020   0x08004020   0x00000028   Code   RO         2731    i.__ARM_fpclassify  m_ws.l(fpclassify.o)
    0x08004048   0x08004048   0x00000020   Code   RO         1582    i.__NVIC_SetPriority  stm32f1xx_hal_cortex.o
    0x08004068   0x08004068   0x0000000e   Code   RO         2607    i._is_digit         c_w.l(__printf_wp.o)
    0x08004076   0x08004076   0x00000002   PAD
    0x08004078   0x08004078   0x0000018c   Code   RO          251    i.main              main.o
    0x08004204   0x08004204   0x00000060   Code   RO          439    i.u0_printf         usart.o
    0x08004264   0x08004264   0x0000002c   Code   RO         2718    locale$$code        c_w.l(lc_numeric_c.o)
    0x08004290   0x08004290   0x0000002c   Code   RO         2739    locale$$code        c_w.l(lc_ctype_c.o)
    0x080042bc   0x080042bc   0x00000004   Code   RO         2640    x$fpl$printf1       fz_ws.l(printf1.o)
    0x080042c0   0x080042c0   0x00000004   Code   RO         2642    x$fpl$printf2       fz_ws.l(printf2.o)
    0x080042c4   0x080042c4   0x00000000   Code   RO         2730    x$fpl$usenofp       fz_ws.l(usenofp.o)
    0x080042c4   0x080042c4   0x00000012   Data   RO         1276    .constdata          stm32f1xx_hal_rcc.o
    0x080042d6   0x080042d6   0x00000010   Data   RO         2501    .constdata          system_stm32f1xx.o
    0x080042e6   0x080042e6   0x00000008   Data   RO         2502    .constdata          system_stm32f1xx.o
    0x080042ee   0x080042ee   0x00000002   PAD
    0x080042f0   0x080042f0   0x00000008   Data   RO         2566    .constdata          c_w.l(_printf_wctomb.o)
    0x080042f8   0x080042f8   0x00000028   Data   RO         2595    .constdata          c_w.l(_printf_hex_int_ll_ptr.o)
    0x08004320   0x08004320   0x00000011   Data   RO         2615    .constdata          c_w.l(__printf_flags_ss_wp.o)
    0x08004331   0x08004331   0x00000026   Data   RO         2670    .constdata          c_w.l(_printf_fp_hex.o)
    0x08004357   0x08004357   0x00000001   PAD
    0x08004358   0x08004358   0x00000094   Data   RO         2693    .constdata          c_w.l(bigflt0.o)
    0x080043ec   0x080043ec   0x00000020   Data   RO         2864    Region$$Table       anon$$obj.o
    0x0800440c   0x0800440c   0x0000001c   Data   RO         2717    locale$$data        c_w.l(lc_numeric_c.o)
    0x08004428   0x08004428   0x00000110   Data   RO         2738    locale$$data        c_w.l(lc_ctype_c.o)


    Execution Region RW_IRAM1 (Exec base: 0x20000000, Load base: 0x08004538, Size: 0x00002048, Max: 0x0000c000, ABSOLUTE)

    Exec Addr    Load Addr    Size         Type   Attr      Idx    E Section Name        Object

    0x20000000   0x08004538   0x00000004   Data   RW          254    .data               main.o
    0x20000004   0x0800453c   0x00000004   Data   RW          695    .data               boot.o
    0x20000008   0x08004540   0x0000000c   Data   RW         1112    .data               stm32f1xx_hal.o
    0x20000014   0x0800454c   0x00000004   Data   RW         2503    .data               system_stm32f1xx.o
    0x20000018        -       0x00000866   Zero   RW          252    .bss                main.o
    0x2000087e   0x08004550   0x00000002   PAD
    0x20000880        -       0x00000058   Zero   RW          381    .bss                spi.o
    0x200008d8        -       0x000010ec   Zero   RW          440    .bss                usart.o
    0x200019c4   0x08004550   0x00000004   PAD
    0x200019c8        -       0x00000020   Zero   RW         1823    .bss                stm32f1xx_hal_flash.o
    0x200019e8        -       0x00000060   Zero   RW         2734    .bss                c_w.l(libspace.o)
    0x20001a48        -       0x00000200   Zero   RW            2    HEAP                startup_stm32f103xe.o
    0x20001c48        -       0x00000400   Zero   RW            1    STACK               startup_stm32f103xe.o


==============================================================================

Image component sizes


      Code (inc. data)   RO Data    RW Data    ZI Data      Debug   Object Name

       272         10          0          0          0       3327   at24c02.o
       170         66          0          4          0       1504   boot.o
        40          0          0          0          0        439   delay.o
        44          4          0          0          0        718   dma.o
        84          0          0          0          0       1440   fmc.o
        44          6          0          0          0        743   gpio.o
       660         36          0          0          0     470337   iic.o
       494         66          0          4       2150      28908   main.o
        86          4          0          0         88       2046   spi.o
        64         26        304          0       1536        792   startup_stm32f103xe.o
       168         28          0         12          0       6373   stm32f1xx_hal.o
       198         14          0          0          0      28935   stm32f1xx_hal_cortex.o
      1366         52          0          0          0       5294   stm32f1xx_hal_dma.o
       404         46          0          0         32       4190   stm32f1xx_hal_flash.o
       240         28          0          0          0       2519   stm32f1xx_hal_flash_ex.o
       560         40          0          0          0       3411   stm32f1xx_hal_gpio.o
        60          8          0          0          0        854   stm32f1xx_hal_msp.o
      1428         90         18          0          0       6452   stm32f1xx_hal_rcc.o
       726          4          0          0          0       3790   stm32f1xx_hal_spi.o
      2104         26          0          0          0      16393   stm32f1xx_hal_uart.o
       176         28          0          0          0       5070   stm32f1xx_it.o
         2          0         24          4          0       1059   system_stm32f1xx.o
       360         44          0          0       4332       4073   usart.o
       124          8          0          0          0       1352   w25q64.o

    ----------------------------------------------------------------------
      9900        634        380         24       8144     600019   Object Totals
         0          0         32          0          0          0   (incl. Generated)
        26          0          2          0          6          0   (incl. Padding)

    ----------------------------------------------------------------------

      Code (inc. data)   RO Data    RW Data    ZI Data      Debug   Library Member Name

         8          0          0          0          0         68   __main.o
       392          4         17          0          0         92   __printf_flags_ss_wp.o
        14          0          0          0          0         68   __printf_wp.o
         0          0          0          0          0          0   __rtentry.o
        12          0          0          0          0          0   __rtentry2.o
         6          0          0          0          0          0   __rtentry4.o
        52          8          0          0          0          0   __scatter.o
        26          0          0          0          0          0   __scatter_copy.o
        28          0          0          0          0          0   __scatter_zi.o
         6          0          0          0          0          0   _printf_a.o
         6          0          0          0          0          0   _printf_c.o
        44          0          0          0          0        108   _printf_char.o
        48          6          0          0          0         96   _printf_char_common.o
        40          0          0          0          0         68   _printf_charcount.o
         6          0          0          0          0          0   _printf_d.o
       120         16          0          0          0         92   _printf_dec.o
         6          0          0          0          0          0   _printf_e.o
         6          0          0          0          0          0   _printf_f.o
      1050          0          0          0          0        216   _printf_fp_dec.o
       764         10         38          0          0        100   _printf_fp_hex.o
       128         16          0          0          0         84   _printf_fp_infnan.o
         6          0          0          0          0          0   _printf_g.o
       148          4         40          0          0        160   _printf_hex_int_ll_ptr.o
         6          0          0          0          0          0   _printf_i.o
       178          0          0          0          0         88   _printf_intcommon.o
        10          0          0          0          0          0   _printf_l.o
         6          0          0          0          0          0   _printf_lc.o
        10          0          0          0          0          0   _printf_ll.o
         6          0          0          0          0          0   _printf_lld.o
         6          0          0          0          0          0   _printf_lli.o
         6          0          0          0          0          0   _printf_llo.o
         6          0          0          0          0          0   _printf_llu.o
         6          0          0          0          0          0   _printf_llx.o
       124         16          0          0          0         92   _printf_longlong_dec.o
         6          0          0          0          0          0   _printf_ls.o
         6          0          0          0          0          0   _printf_n.o
         6          0          0          0          0          0   _printf_o.o
       112          8          0          0          0        124   _printf_oct_int_ll.o
         6          0          0          0          0          0   _printf_p.o
        78          0          0          0          0        108   _printf_pad.o
         0          0          0          0          0          0   _printf_percent.o
         4          0          0          0          0          0   _printf_percent_end.o
         6          0          0          0          0          0   _printf_s.o
        82          0          0          0          0         80   _printf_str.o
        36          0          0          0          0         84   _printf_truncate.o
         6          0          0          0          0          0   _printf_u.o
        44          0          0          0          0        108   _printf_wchar.o
       188          6          8          0          0         92   _printf_wctomb.o
         6          0          0          0          0          0   _printf_x.o
        10          0          0          0          0         68   _sputc.o
        64          0          0          0          0         92   _wcrtomb.o
       220          4        148          0          0         96   bigflt0.o
      1910        128          0          0          0        672   btod.o
        12          0          0          0          0         72   exit.o
         6          0          0          0          0        152   heapauxi.o
         0          0          0          0          0          0   indicate_semi.o
        44         10        272          0          0         76   lc_ctype_c.o
        44         10         28          0          0         76   lc_numeric_c.o
         2          0          0          0          0          0   libinit.o
        30          0          0          0          0          0   libinit2.o
         2          0          0          0          0          0   libshutdown.o
         2          0          0          0          0          0   libshutdown2.o
         8          4          0          0         96         68   libspace.o
       138          0          0          0          0         80   lludiv10.o
        38          0          0          0          0         68   llushr.o
        16          4          0          0          0         76   rt_ctype_table.o
         8          4          0          0          0         68   rt_locale_intlibspace.o
        78          0          0          0          0         80   rt_memclr_w.o
         2          0          0          0          0          0   rtexit.o
        10          0          0          0          0          0   rtexit2.o
       128          0          0          0          0         68   strcmpv7m.o
        62          0          0          0          0         76   strlen.o
        12          4          0          0          0         68   sys_exit.o
        74          0          0          0          0         80   sys_stackheap_outer.o
         2          0          0          0          0         68   use_no_semi.o
        36          4          0          0          0         76   vsprintf.o
         4          0          0          0          0         68   printf1.o
         4          0          0          0          0         68   printf2.o
         0          0          0          0          0          0   usenofp.o
        40          0          0          0          0         68   fpclassify.o

    ----------------------------------------------------------------------
      6888        266        552          0         96       4312   Library Totals
        16          0          1          0          0          0   (incl. Padding)

    ----------------------------------------------------------------------

      Code (inc. data)   RO Data    RW Data    ZI Data      Debug   Library Name

      6824        266        551          0         96       4108   c_w.l
         8          0          0          0          0        136   fz_ws.l
        40          0          0          0          0         68   m_ws.l

    ----------------------------------------------------------------------
      6888        266        552          0         96       4312   Library Totals

    ----------------------------------------------------------------------

==============================================================================


      Code (inc. data)   RO Data    RW Data    ZI Data      Debug   

     16788        900        932         24       8240     596839   Grand Totals
     16788        900        932         24       8240     596839   ELF Image Totals
     16788        900        932         24          0          0   ROM Totals

==============================================================================

    Total RO  Size (Code + RO Data)                17720 (  17.30kB)
    Total RW  Size (RW Data + ZI Data)              8264 (   8.07kB)
    Total ROM Size (Code + RO Data + RW Data)      17744 (  17.33kB)

==============================================================================

